Microchip MPLAB XC8 Compiler V1.12 ()

Linker command line:

--edf=C:\Program Files (x86)\Microchip\xc8\v1.12\dat\en_msgs.txt -cs \
  -h+dist/LPC_USB_Development_Board_PIC16F1459/production\MPLAB.X.production.sym \
  -z -Q16F1459 -ol.obj \
  -Mdist/LPC_USB_Development_Board_PIC16F1459/production/MPLAB.X.production.map \
  -E1 -ver=XC8 -ACONST=00h-0FFhx32 -ACODE=00h-07FFhx4 -ASTRCODE=00h-01FFFh \
  -AENTRY=00h-0FFhx32 -ASTRING=00h-0FFhx32 -ACOMMON=070h-07Fh \
  -ABANK0=020h-06Fh -ABANK1=0A0h-0EFh -ABANK2=0120h-016Fh \
  -ABANK3=01A0h-01EFh -ABANK4=0220h-026Fh -ABANK5=02A0h-02EFh \
  -ABANK6=0320h-036Fh -ABANK7=03A0h-03EFh -ABANK8=0420h-046Fh \
  -ABANK9=04A0h-04EFh -ABANK10=0520h-056Fh -ABANK11=05A0h-05EFh \
  -ABANK12=0620h-064Fh -ABIGRAM=02000h-023EFh \
  -ARAM=020h-06Fh,0A0h-0EFh,0120h-016Fh,01A0h-01EFh,0220h-026Fh,02A0h-02EFh,0320h-036Fh,03A0h-03EFh,0420h-046Fh,04A0h-04EFh,0520h-056Fh,05A0h-05EFh,0620h-064Fh \
  -AABS1=020h-07Fh,0A0h-0EFh,0120h-016Fh,01A0h-01EFh,0220h-026Fh,02A0h-02EFh,0320h-036Fh,03A0h-03EFh,0420h-046Fh,04A0h-04EFh,0520h-056Fh,05A0h-05EFh,0620h-064Fh \
  -ASFR0=00h-01Fh -ASFR1=080h-09Fh -ASFR2=0100h-011Fh -ASFR3=0180h-019Fh \
  -ASFR4=0200h-021Fh -ASFR5=0280h-029Fh -ASFR6=0300h-031Fh \
  -ASFR7=0380h-039Fh -ASFR8=0400h-041Fh -ASFR9=0480h-049Fh \
  -ASFR10=0500h-051Fh -ASFR11=0580h-059Fh -ASFR12=0600h-061Fh \
  -ASFR13=0680h-06EFh -ASFR14=0700h-076Fh -ASFR15=0780h-07EFh \
  -ASFR16=0800h-086Fh -ASFR17=0880h-08EFh -ASFR18=0900h-096Fh \
  -ASFR19=0980h-09EFh -ASFR20=0A00h-0A6Fh -ASFR21=0A80h-0AEFh \
  -ASFR22=0B00h-0B6Fh -ASFR23=0B80h-0BEFh -ASFR24=0C00h-0C6Fh \
  -ASFR25=0C80h-0CEFh -ASFR26=0D00h-0D6Fh -ASFR27=0D80h-0DEFh \
  -ASFR28=0E00h-0E6Fh -ASFR29=0E80h-0EEFh -ASFR30=0F00h-0F6Fh \
  -ASFR31=0F80h-0FEFh -preset_vec=00h,intentry=04h,init,end_init \
  -ppowerup=CODE -pfunctab=CODE -ACONFIG=08007h-08008h -pconfig=CONFIG \
  -DCONFIG=2 -AIDLOC=08000h-08003h -pidloc=IDLOC -DIDLOC=2 -DCODE=2 \
  -DSTRCODE=2 -DSTRING=2 -DCONST=2 -DENTRY=2 -k \
  C:\Users\Aguivone\AppData\Local\Temp\s3pg.obj \
  dist/LPC_USB_Development_Board_PIC16F1459/production\MPLAB.X.production.obj 

Object code version is 3.10

Machine type is 16F1459



                Name                               Link     Load   Length Selector   Space Scale
C:\Users\Aguivone\AppData\Local\Temp\s3pg.obj
                end_init                              B        B        2        8       0
                reset_vec                             0        0        2        0       0
                config                             8007     8007        2    1000E       0
dist/LPC_USB_Development_Board_PIC16F1459/production\MPLAB.X.production.obj
                functab                             100      100        5        2       0
                intentry                              4        4        7        8       0
                text1482                            B10      B10       62     1620       0
                text1481                            AB7      AB7       59     156E       0
                text1480                            990      990       43     1320       0
                text1479                             D3       D3       2C      1A6       0
                text1478                            917      917       3B     122E       0
                text1477                           17BF     17BF        4     2F7E       0
                text1476                           17BD     17BD        1     2F7A       0
                text1475                            D08      D08       73     1A10       0
                text1474                           17C3     17C3        4     2F86       0
                text1473                           17BE     17BE        1     2F7C       0
                text1472                              2        2        1        0       0
                text1471                              3        3        1        6       0
                text1470                             FF       FF        1      1A6       0
                text1469                            618      618       A2        2       0
                text1468                            81A      81A       13     1034       0
                text1467                            9D3      9D3       46     13A6       0
                text1466                           17C7     17C7        5     2F8E       0
                text1465                           17EB     17EB       15     2FD6       0
                text1464                            8BB      8BB       2B     1176       0
                text1463                            3BA      3BA       EA        2       0
                text1462                            82D      82D       15     105A       0
                text1461                            CA0      CA0       68     1940       0
                text1460                            74D      74D       8F        2       0
                text1459                            4A4      4A4       BB        2       0
                text1458                           17D2     17D2        C     2FA4       0
                text1457                            A19      A19       4A     1432       0
                text1456                            105      105      165        2       0
                text1455                            B72      B72       63     16E4       0
                text1454                            DF4      DF4       7A     1BE8       0
                text1453                            871      871       22     10E2       0
                text1452                            6BA      6BA       93        2       0
                swtext1                             800      800       1A     1000       0
                text1451                            BD5      BD5       64     17AA       0
                text1450                            EF0      EF0       86     1DE0       0
                text1449                            D7B      D7B       79     1AF6       0
                text1448                            C39      C39       67     1872       0
                text1447                            55F      55F       B9        2       0
                text1446                            8E6      8E6       31     11CC       0
                text1445                            A63      A63       54     14C6       0
                text1444                            F76      F76       8A     1EEC       0
                text1443                            952      952       3E     12A4       0
                text1442                            E6E      E6E       82     1CDC       0
                text1441                            893      893       28     1126       0
                text1440                            859      859       18     10B2       0
                text1439                            842      842       17     1084       0
                text1438                            26A      26A      150        2       0
                maintext                           17DE     17DE        D     2FBC       0
                cstackBANK0                          60       60       10       60       1
                cstackCOMMON                         70       70        C       70       1
                cstackBANK1                          E2       E2        C       A0       1
                clrtext                            17CC     17CC        6     2F98       0
                bssBANK6                            320      320       40      320       1
                bssBANK3                            1A0      1A0       40      1A0       1
                bssBANK2                            131      131        8      131       1
                bssBANK1                             A0       A0       42       A0       1
                bssCOMMON                            7C       7C        1       70       1
                cinit                               7DC      7DC       24        2       0
                strings                               D        D       C6       1A       0

TOTAL           Name                               Link     Load   Length     Space
        CLASS   CONST          
                swtext1                             800      800       1A         0

        CLASS   CODE           
                end_init                              B        B        2         0
                functab                             100      100        5         0
                intentry                              4        4        7         0
                reset_vec                             0        0        2         0
                text1482                            B10      B10       62         0
                text1481                            AB7      AB7       59         0
                text1480                            990      990       43         0
                text1479                             D3       D3       2C         0
                text1478                            917      917       3B         0
                text1477                           17BF     17BF        4         0
                text1476                           17BD     17BD        1         0
                text1475                            D08      D08       73         0
                text1474                           17C3     17C3        4         0
                text1473                           17BE     17BE        1         0
                text1472                              2        2        1         0
                text1471                              3        3        1         0
                text1470                             FF       FF        1         0
                text1469                            618      618       A2         0
                text1468                            81A      81A       13         0
                text1467                            9D3      9D3       46         0
                text1466                           17C7     17C7        5         0
                text1465                           17EB     17EB       15         0
                text1464                            8BB      8BB       2B         0
                text1463                            3BA      3BA       EA         0
                text1462                            82D      82D       15         0
                text1461                            CA0      CA0       68         0
                text1460                            74D      74D       8F         0
                text1459                            4A4      4A4       BB         0
                text1458                           17D2     17D2        C         0
                text1457                            A19      A19       4A         0
                text1456                            105      105      165         0
                text1455                            B72      B72       63         0
                text1454                            DF4      DF4       7A         0
                text1453                            871      871       22         0
                text1452                            6BA      6BA       93         0
                text1451                            BD5      BD5       64         0
                text1450                            EF0      EF0       86         0
                text1449                            D7B      D7B       79         0
                text1448                            C39      C39       67         0
                text1447                            55F      55F       B9         0
                text1446                            8E6      8E6       31         0
                text1445                            A63      A63       54         0
                text1444                            F76      F76       8A         0
                text1443                            952      952       3E         0
                text1442                            E6E      E6E       82         0
                text1441                            893      893       28         0
                text1440                            859      859       18         0
                text1439                            842      842       17         0
                text1438                            26A      26A      150         0
                maintext                           17DE     17DE        D         0
                clrtext                            17CC     17CC        6         0
                cinit                               7DC      7DC       24         0

        CLASS   STRCODE        

        CLASS   ENTRY          

        CLASS   STRING         
                strings                               D        D       C6         0

        CLASS   COMMON         
                cstackCOMMON                         70       70        C         1
                bssCOMMON                            7C       7C        1         1

        CLASS   BANK0          
                cstackBANK0                          60       60       10         1

        CLASS   BANK1          
                cstackBANK1                          E2       E2        C         1
                bssBANK1                             A0       A0       42         1

        CLASS   BANK2          
                bssBANK2                            131      131        8         1

        CLASS   BANK3          
                bssBANK3                            1A0      1A0       40         1

        CLASS   BANK4          

        CLASS   BANK5          

        CLASS   BANK6          
                bssBANK6                            320      320       40         1

        CLASS   BANK7          

        CLASS   BANK8          

        CLASS   BANK9          

        CLASS   BANK10         

        CLASS   BANK11         

        CLASS   BANK12         

        CLASS   BIGRAM         

        CLASS   RAM            

        CLASS   ABS1           
                abs_s1                               20       20       40         1
                abs_s1                               7E       7E        2         1
                abs_s1                              120      120       11         1
                abs_s1                              220      220       40         1
                abs_s1                              2A0      2A0       40         1

        CLASS   SFR0           

        CLASS   SFR1           

        CLASS   SFR2           

        CLASS   SFR3           

        CLASS   SFR4           

        CLASS   SFR5           

        CLASS   SFR6           

        CLASS   SFR7           

        CLASS   SFR8           

        CLASS   SFR9           

        CLASS   SFR10          

        CLASS   SFR11          

        CLASS   SFR12          

        CLASS   SFR13          

        CLASS   SFR14          

        CLASS   SFR15          

        CLASS   SFR16          

        CLASS   SFR17          

        CLASS   SFR18          

        CLASS   SFR19          

        CLASS   SFR20          

        CLASS   SFR21          

        CLASS   SFR22          

        CLASS   SFR23          

        CLASS   SFR24          

        CLASS   SFR25          

        CLASS   SFR26          

        CLASS   SFR27          

        CLASS   SFR28          

        CLASS   SFR29          

        CLASS   SFR30          

        CLASS   SFR31          

        CLASS   CONFIG         
                config                             8007     8007        2         0

        CLASS   IDLOC          

        CLASS   BANK31         

        CLASS   BANK30         

        CLASS   BANK29         

        CLASS   BANK28         

        CLASS   BANK27         

        CLASS   BANK26         

        CLASS   BANK25         

        CLASS   BANK24         

        CLASS   BANK23         

        CLASS   BANK22         

        CLASS   BANK21         

        CLASS   BANK20         

        CLASS   BANK19         

        CLASS   BANK18         

        CLASS   BANK17         

        CLASS   BANK16         

        CLASS   BANK15         

        CLASS   BANK14         

        CLASS   BANK13         

        CLASS   EEDATA         



SEGMENTS        Name                           Load    Length   Top    Selector   Space  Class     Delta

                reset_vec                      000000  000003  000003         0       0  CODE        2
                text1471                       000003  000001  000004         6       0  CODE        2
                intentry                       000004  000009  00000D         8       0  CODE        2
                strings                        00000D  0000C6  0000D3        1A       0  STRING      2
                cstackBANK0                    000060  000010  000070        60       1  BANK0       1
                cstackCOMMON                   000070  00000D  00007D        70       1  COMMON      1
                bssBANK1                       0000A0  00004E  0000EE        A0       1  BANK1       1
                bssBANK2                       000131  000008  000139       131       1  BANK2       1
                bssBANK3                       0001A0  000040  0001E0       1A0       1  BANK3       1
                text1479                       0000D3  00002D  000100       1A6       0  CODE        2
                functab                        000100  000700  000800         2       0  CODE        2
                bssBANK6                       000320  000040  000360       320       1  BANK6       1
                swtext1                        000800  00001A  00081A      1000       0  CONST       2
                text1468                       00081A  000013  00082D      1034       0  CODE        2
                text1462                       00082D  000015  000842      105A       0  CODE        2
                text1439                       000842  000017  000859      1084       0  CODE        2
                text1440                       000859  000018  000871      10B2       0  CODE        2
                text1453                       000871  000022  000893      10E2       0  CODE        2
                text1441                       000893  000028  0008BB      1126       0  CODE        2
                text1464                       0008BB  00002B  0008E6      1176       0  CODE        2
                text1446                       0008E6  000031  000917      11CC       0  CODE        2
                text1478                       000917  00003B  000952      122E       0  CODE        2
                text1443                       000952  00003E  000990      12A4       0  CODE        2
                text1480                       000990  000043  0009D3      1320       0  CODE        2
                text1467                       0009D3  000046  000A19      13A6       0  CODE        2
                text1457                       000A19  00004A  000A63      1432       0  CODE        2
                text1445                       000A63  000054  000AB7      14C6       0  CODE        2
                text1481                       000AB7  000059  000B10      156E       0  CODE        2
                text1482                       000B10  000062  000B72      1620       0  CODE        2
                text1455                       000B72  000063  000BD5      16E4       0  CODE        2
                text1451                       000BD5  000064  000C39      17AA       0  CODE        2
                text1448                       000C39  000067  000CA0      1872       0  CODE        2
                text1461                       000CA0  000068  000D08      1940       0  CODE        2
                text1475                       000D08  000073  000D7B      1A10       0  CODE        2
                text1449                       000D7B  000079  000DF4      1AF6       0  CODE        2
                text1454                       000DF4  00007A  000E6E      1BE8       0  CODE        2
                text1442                       000E6E  000082  000EF0      1CDC       0  CODE        2
                text1450                       000EF0  000086  000F76      1DE0       0  CODE        2
                text1444                       000F76  00008A  001000      1EEC       0  CODE        2
                text1476                       0017BD  000001  0017BE      2F7A       0  CODE        2
                text1473                       0017BE  000001  0017BF      2F7C       0  CODE        2
                text1477                       0017BF  000004  0017C3      2F7E       0  CODE        2
                text1474                       0017C3  000004  0017C7      2F86       0  CODE        2
                text1466                       0017C7  000005  0017CC      2F8E       0  CODE        2
                clrtext                        0017CC  000006  0017D2      2F98       0  CODE        2
                text1458                       0017D2  00000C  0017DE      2FA4       0  CODE        2
                maintext                       0017DE  00000D  0017EB      2FBC       0  CODE        2
                text1465                       0017EB  000015  001800      2FD6       0  CODE        2
                config                         008007  000002  008009     1000E       0  CONFIG      2


UNUSED ADDRESS RANGES

        Name                Unused          Largest block    Delta
        BANK1            000EE-000EF               2           1
        BANK10           00520-0056F              50           1
        BANK11           005A0-005EF              50           1
        BANK12           00620-0064F              30           1
        BANK2            00139-0016F              37           1
        BANK3            001E0-001EF              10           1
        BANK4            00260-0026F              10           1
        BANK5            002E0-002EF              10           1
        BANK6            00360-0036F              10           1
        BANK7            003A0-003EF              50           1
        BANK8            00420-0046F              50           1
        BANK9            004A0-004EF              50           1
        BIGRAM           02000-023EF             3F0           1
        CODE             01000-017BC             7BD           2
                         01800-01FFF             800
        COMMON           0007D-0007D               1           1
        CONST            01000-017BC             100           2
                         01800-01FFF             100
        ENTRY            01000-017BC             100           2
                         01800-01FFF             100
        IDLOC            08000-08003               4           2
        RAM              000EE-000EF               2           1
                         00139-0016F              37
                         001E0-001EF              10
                         00260-0026F              10
                         002E0-002EF              10
                         00360-0036F              10
                         003A0-003EF              50
                         00420-0046F              50
                         004A0-004EF              50
                         00520-0056F              50
                         005A0-005EF              50
                         00620-0064F              30
        SFR0             00000-0001F              20           1
        SFR1             00080-0009F              20           1
        SFR10            00500-0051F              20           1
        SFR11            00580-0059F              20           1
        SFR12            00600-0061F              20           1
        SFR13            00680-006EF              70           1
        SFR14            00700-0076F              70           1
        SFR15            00780-007EF              70           1
        SFR16            00800-0086F              70           1
        SFR17            00880-008EF              70           1
        SFR18            00900-0096F              70           1
        SFR19            00980-009EF              70           1
        SFR2             00100-0011F              20           1
        SFR20            00A00-00A6F              70           1
        SFR21            00A80-00AEF              70           1
        SFR22            00B00-00B6F              70           1
        SFR23            00B80-00BEF              70           1
        SFR24            00C00-00C6F              70           1
        SFR25            00C80-00CEF              70           1
        SFR26            00D00-00D6F              70           1
        SFR27            00D80-00DEF              70           1
        SFR28            00E00-00E6F              70           1
        SFR29            00E80-00EEF              70           1
        SFR3             00180-0019F              20           1
        SFR30            00F00-00F6F              70           1
        SFR31            00F80-00FEF              70           1
        SFR4             00200-0021F              20           1
        SFR5             00280-0029F              20           1
        SFR6             00300-0031F              20           1
        SFR7             00380-0039F              20           1
        SFR8             00400-0041F              20           1
        SFR9             00480-0049F              20           1
        STRCODE          01000-017BC             7BD           2
                         01800-01FFF             800
        STRING           01000-017BC             100           2
                         01800-01FFF             100

                                  Symbol Table

?_USBConfigureEndpoint                    cstackCOMMON 00071
?_USBEnableEndpoint                       cstackCOMMON 00078
?_USBTransferOnePacket                    cstackCOMMON 00071
?_USER_USB_CALLBACK_EVENT_HANDLER         cstackBANK0  00066
?___lldiv                                 cstackCOMMON 00071
?_getsUSBUSART                            cstackCOMMON 00078
?_memset                                  cstackCOMMON 00071
?_putUSBUSART                             cstackCOMMON 00071
BlinkUSBStatus@led_count                  bssBANK1     000B6
CDCTxService@byte_to_send                 cstackBANK0  00063
CDCTxService@i                            cstackBANK0  00062
InitializeUSART@c                         cstackCOMMON 00072
USBCBSendResume@delay_count               bssBANK1     000B8
USBConfigureEndpoint@EPNum                cstackCOMMON 00076
USBConfigureEndpoint@direction            cstackCOMMON 00071
USBConfigureEndpoint@handle               cstackCOMMON 00077
USBCtrlEPService@setup_cnt                cstackBANK1  000EA
USBCtrlTrfInHandler@lastDTS               cstackBANK0  00069
USBCtrlTrfRxService@byteToRead            cstackBANK0  0006A
USBCtrlTrfRxService@i                     cstackBANK0  00069
USBCtrlTrfTxService@byteToSend            cstackCOMMON 00073
USBDeviceInit@i                           cstackCOMMON 00076
USBDeviceInit@i_718                       cstackCOMMON 00075
USBDeviceInit@p                           cstackCOMMON 00073
USBDeviceTasks@i                          cstackBANK1  000ED
USBEnableEndpoint@ep                      cstackBANK0  00062
USBEnableEndpoint@options                 cstackCOMMON 00078
USBEnableEndpoint@p                       cstackBANK0  00060
USBStdFeatureReqHandler@current_ep_data   cstackBANK1  000E4
USBStdFeatureReqHandler@p                 cstackBANK1  000E5
USBStdFeatureReqHandler@pUEP              cstackBANK1  000E2
USBStdGetStatusHandler@p                  cstackCOMMON 00072
USBStdSetCfgHandler@i                     cstackBANK0  0006E
USBStdSetCfgHandler@i_1089                cstackBANK0  0006D
USBStdSetCfgHandler@p                     cstackBANK0  0006B
USBTransferOnePacket@data                 cstackCOMMON 00072
USBTransferOnePacket@dir                  cstackCOMMON 00071
USBTransferOnePacket@ep                   cstackCOMMON 00076
USBTransferOnePacket@handle               cstackCOMMON 00077
USBTransferOnePacket@len                  cstackCOMMON 00073
USER_USB_CALLBACK_EVENT_HANDLER@event     cstackBANK0  00066
UserInit@i                                cstackCOMMON 00074
_ANSELA                                   (abs)        0018C
_ANSELB                                   (abs)        0018D
_ANSELBbits                               (abs)        0018D
_ANSELC                                   (abs)        0018E
_BAUDCON                                  (abs)        0019F
_BDT                                      (abs)        00020
_BlinkUSBStatus                           text1469     00618
_BothEP0OutUOWNsSet                       bssBANK1     000BE
_CDCDataInHandle                          bssBANK1     000BF
_CDCDataOutHandle                         bssBANK1     000C0
_CDCInitEP                                text1478     00917
_CDCTxService                             text1463     003BA
_CDCTxService$2180                        cstackBANK0  00060
_CtrlTrfData                              (abs)        00058
_ISRCode                                  intentry     00004
_InitializeSystem                         text1458     017D2
_InitializeUSART                          text1465     017EB
_LATC                                     (abs)        0010E
_LATCbits                                 (abs)        0010E
_LastRS232Out                             bssBANK1     000C1
_NextUSBOut                               bssBANK1     000C2
_PIE2bits                                 (abs)        00092
_PIR1bits                                 (abs)        00011
_PIR2bits                                 (abs)        00012
_ProcessIO                                text1460     0074D
_RCREG                                    (abs)        00199
_RCSTA                                    (abs)        0019D
_RCSTAbits                                (abs)        0019D
_RS232_Out_Data                           bssBANK6     00320
_RS232_Out_Data_Rdy                       bssBANK1     000C3
_RS232cp                                  bssBANK1     000C4
_RemoteWakeup                             bssBANK1     000C5
_SPBRGH                                   (abs)        0019C
_SPBRGL                                   (abs)        0019B
_SetupPkt                                 (abs)        00050
_TRISBbits                                (abs)        0008D
_TRISC                                    (abs)        0008E
_TXREG                                    (abs)        0019A
_TXSTA                                    (abs)        0019E
_TXSTAbits                                (abs)        0019E
_UADDR                                    (abs)        00E96
_UCFG                                     (abs)        00E91
_UCON                                     (abs)        00E8E
_UCONbits                                 (abs)        00E8E
_UEIE                                     (abs)        00E97
_UEIR                                     (abs)        00E93
_UEP0                                     (abs)        00E98
_UEP0bits                                 (abs)        00E98
_UEP1                                     (abs)        00E99
_UIE                                      (abs)        00E92
_UIEbits                                  (abs)        00E92
_UIR                                      (abs)        00E90
_UIRbits                                  (abs)        00E90
_USBActiveConfiguration                   bssBANK1     000E0
_USBAlternateInterface                    bssBANK1     000DE
_USBBusIsSuspended                        bssBANK1     000C6
_USBCBCheckOtherReq                       text1474     017C3
_USBCBErrorHandler                        text1473     017BE
_USBCBInitEP                              text1477     017BF
_USBCBStdSetDscHandler                    text1476     017BD
_USBCBSuspend                             text1470     000FF
_USBCBWakeFromSuspend                     text1471     00003
_USBCB_SOF_Handler                        text1472     00002
_USBCheckCDCRequest                       text1475     00D08
_USBCheckStdRequest                       text1451     00BD5
_USBConfigureEndpoint                     text1480     00990
_USBCtrlEPAllowDataStage                  text1445     00A63
_USBCtrlEPAllowStatusStage                text1448     00C39
_USBCtrlEPService                         text1442     00E6E
_USBCtrlEPServiceComplete                 text1444     00F76
_USBCtrlTrfInHandler                      text1449     00D7B
_USBCtrlTrfOutHandler                     text1446     008E6
_USBCtrlTrfRxService                      text1447     0055F
_USBCtrlTrfSetupHandler                   text1443     00952
_USBCtrlTrfTxService                      text1450     00EF0
_USBDeferINDataStagePackets               bssBANK1     000C7
_USBDeferOUTDataStagePackets              bssBANK1     000C8
_USBDeferStatusStagePacket                bssBANK1     000C9
_USBDeviceInit                            text1459     004A4
_USBDeviceState                           bssBANK1     000CA
_USBDeviceTasks                           text1438     0026A
_USBEnableEndpoint                        text1479     000D3
_USBStallHandler                          text1441     00893
_USBStatusStageEnabledFlag1               bssBANK1     000CB
_USBStatusStageEnabledFlag2               bssBANK1     000CC
_USBStatusStageTimeoutCounter             bssBANK1     000CD
_USBStdFeatureReqHandler                  text1456     00105
_USBStdGetDscHandler                      text1454     00DF4
_USBStdGetStatusHandler                   text1455     00B72
_USBStdSetCfgHandler                      text1452     006BA
_USBSuspend                               text1440     00859
_USBTransferOnePacket                     text1481     00AB7
_USBWakeFromSuspend                       text1439     00842
_USB_CD_Ptr                               strings      00011
_USB_Out_Buffer                           bssBANK3     001A0
_USB_SD_Ptr                               strings      0000E
_USER_USB_CALLBACK_EVENT_HANDLER          text1457     00A19
_USTAT                                    (abs)        00E8F
_USTATcopy                                bssBANK1     000E1
_UserInit                                 text1464     008BB
__CFG_CPUDIV$NOCLKDIV                     (abs)        00000
__CFG_FCMEN$OFF                           (abs)        00000
__CFG_FOSC$HS                             (abs)        00000
__CFG_IESO$OFF                            (abs)        00000
__CFG_PLLMULT$4x                          (abs)        00000
__CFG_PWRTE$ON                            (abs)        00000
__CFG_WDTE$OFF                            (abs)        00000
__Habs1                                   abs1         00000
__Hbank0                                  bank0        00000
__Hbank1                                  bank1        00000
__Hbank10                                 bank10       00000
__Hbank11                                 bank11       00000
__Hbank12                                 bank12       00000
__Hbank13                                 bank13       00000
__Hbank14                                 bank14       00000
__Hbank15                                 bank15       00000
__Hbank16                                 bank16       00000
__Hbank17                                 bank17       00000
__Hbank18                                 bank18       00000
__Hbank19                                 bank19       00000
__Hbank2                                  bank2        00000
__Hbank20                                 bank20       00000
__Hbank21                                 bank21       00000
__Hbank22                                 bank22       00000
__Hbank23                                 bank23       00000
__Hbank24                                 bank24       00000
__Hbank25                                 bank25       00000
__Hbank26                                 bank26       00000
__Hbank27                                 bank27       00000
__Hbank28                                 bank28       00000
__Hbank29                                 bank29       00000
__Hbank3                                  bank3        00000
__Hbank30                                 bank30       00000
__Hbank31                                 bank31       00000
__Hbank4                                  bank4        00000
__Hbank5                                  bank5        00000
__Hbank6                                  bank6        00000
__Hbank7                                  bank7        00000
__Hbank8                                  bank8        00000
__Hbank9                                  bank9        00000
__Hbigram                                 bigram       00000
__HbssBANK1                               bssBANK1     00000
__HbssBANK2                               bssBANK2     00000
__HbssBANK3                               bssBANK3     00000
__HbssBANK6                               bssBANK6     00000
__HbssCOMMON                              bssCOMMON    00000
__Hcinit                                  cinit        00000
__Hclrtext                                clrtext      00000
__Hcode                                   code         00000
__Hcommon                                 common       00000
__Hconfig                                 config       08009
__HcstackBANK0                            cstackBANK0  00000
__HcstackBANK1                            cstackBANK1  00000
__HcstackCOMMON                           cstackCOMMON 00000
__Heeprom_data                            eeprom_data  00000
__Hend_init                               end_init     0000D
__Hfunctab                                functab      00105
__Hidloc                                  idloc        00000
__Hinit                                   init         0000B
__Hintentry                               intentry     0000B
__Hmaintext                               maintext     00000
__Hpowerup                                powerup      00000
__Hram                                    ram          00000
__Hreset_vec                              reset_vec    00002
__Hsfr0                                   sfr0         00000
__Hsfr1                                   sfr1         00000
__Hsfr10                                  sfr10        00000
__Hsfr11                                  sfr11        00000
__Hsfr12                                  sfr12        00000
__Hsfr13                                  sfr13        00000
__Hsfr14                                  sfr14        00000
__Hsfr15                                  sfr15        00000
__Hsfr16                                  sfr16        00000
__Hsfr17                                  sfr17        00000
__Hsfr18                                  sfr18        00000
__Hsfr19                                  sfr19        00000
__Hsfr2                                   sfr2         00000
__Hsfr20                                  sfr20        00000
__Hsfr21                                  sfr21        00000
__Hsfr22                                  sfr22        00000
__Hsfr23                                  sfr23        00000
__Hsfr24                                  sfr24        00000
__Hsfr25                                  sfr25        00000
__Hsfr26                                  sfr26        00000
__Hsfr27                                  sfr27        00000
__Hsfr28                                  sfr28        00000
__Hsfr29                                  sfr29        00000
__Hsfr3                                   sfr3         00000
__Hsfr30                                  sfr30        00000
__Hsfr31                                  sfr31        00000
__Hsfr4                                   sfr4         00000
__Hsfr5                                   sfr5         00000
__Hsfr6                                   sfr6         00000
__Hsfr7                                   sfr7         00000
__Hsfr8                                   sfr8         00000
__Hsfr9                                   sfr9         00000
__Hstrings                                strings      00000
__Htext                                   text         00000
__Labs1                                   abs1         00000
__Lbank0                                  bank0        00000
__Lbank1                                  bank1        00000
__Lbank10                                 bank10       00000
__Lbank11                                 bank11       00000
__Lbank12                                 bank12       00000
__Lbank13                                 bank13       00000
__Lbank14                                 bank14       00000
__Lbank15                                 bank15       00000
__Lbank16                                 bank16       00000
__Lbank17                                 bank17       00000
__Lbank18                                 bank18       00000
__Lbank19                                 bank19       00000
__Lbank2                                  bank2        00000
__Lbank20                                 bank20       00000
__Lbank21                                 bank21       00000
__Lbank22                                 bank22       00000
__Lbank23                                 bank23       00000
__Lbank24                                 bank24       00000
__Lbank25                                 bank25       00000
__Lbank26                                 bank26       00000
__Lbank27                                 bank27       00000
__Lbank28                                 bank28       00000
__Lbank29                                 bank29       00000
__Lbank3                                  bank3        00000
__Lbank30                                 bank30       00000
__Lbank31                                 bank31       00000
__Lbank4                                  bank4        00000
__Lbank5                                  bank5        00000
__Lbank6                                  bank6        00000
__Lbank7                                  bank7        00000
__Lbank8                                  bank8        00000
__Lbank9                                  bank9        00000
__Lbigram                                 bigram       00000
__LbssBANK1                               bssBANK1     00000
__LbssBANK2                               bssBANK2     00000
__LbssBANK3                               bssBANK3     00000
__LbssBANK6                               bssBANK6     00000
__LbssCOMMON                              bssCOMMON    00000
__Lcinit                                  cinit        00000
__Lclrtext                                clrtext      00000
__Lcode                                   code         00000
__Lcommon                                 common       00000
__Lconfig                                 config       08007
__LcstackBANK0                            cstackBANK0  00000
__LcstackBANK1                            cstackBANK1  00000
__LcstackCOMMON                           cstackCOMMON 00000
__Leeprom_data                            eeprom_data  00000
__Lend_init                               end_init     0000B
__Lfunctab                                functab      00100
__Lidloc                                  idloc        00000
__Linit                                   init         0000B
__Lintentry                               intentry     00004
__Lmaintext                               maintext     00000
__Lpowerup                                powerup      00000
__Lram                                    ram          00000
__Lreset_vec                              reset_vec    00000
__Lsfr0                                   sfr0         00000
__Lsfr1                                   sfr1         00000
__Lsfr10                                  sfr10        00000
__Lsfr11                                  sfr11        00000
__Lsfr12                                  sfr12        00000
__Lsfr13                                  sfr13        00000
__Lsfr14                                  sfr14        00000
__Lsfr15                                  sfr15        00000
__Lsfr16                                  sfr16        00000
__Lsfr17                                  sfr17        00000
__Lsfr18                                  sfr18        00000
__Lsfr19                                  sfr19        00000
__Lsfr2                                   sfr2         00000
__Lsfr20                                  sfr20        00000
__Lsfr21                                  sfr21        00000
__Lsfr22                                  sfr22        00000
__Lsfr23                                  sfr23        00000
__Lsfr24                                  sfr24        00000
__Lsfr25                                  sfr25        00000
__Lsfr26                                  sfr26        00000
__Lsfr27                                  sfr27        00000
__Lsfr28                                  sfr28        00000
__Lsfr29                                  sfr29        00000
__Lsfr3                                   sfr3         00000
__Lsfr30                                  sfr30        00000
__Lsfr31                                  sfr31        00000
__Lsfr4                                   sfr4         00000
__Lsfr5                                   sfr5         00000
__Lsfr6                                   sfr6         00000
__Lsfr7                                   sfr7         00000
__Lsfr8                                   sfr8         00000
__Lsfr9                                   sfr9         00000
__Lstrings                                strings      00000
__Ltext                                   text         00000
__S0                                      (abs)        08009
__S1                                      (abs)        00360
___lldiv                                  text1482     00B10
___lldiv@counter                          cstackBANK0  00064
___lldiv@dividend                         cstackCOMMON 00075
___lldiv@divisor                          cstackCOMMON 00071
___lldiv@quotient                         cstackBANK0  00060
__end_of_BlinkUSBStatus                   text1469     006BA
__end_of_CDCInitEP                        text1478     00952
__end_of_CDCTxService                     text1463     004A4
__end_of_ISRCode                          intentry     0000B
__end_of_InitializeSystem                 text1458     017DE
__end_of_InitializeUSART                  text1465     01800
__end_of_ProcessIO                        text1460     007DC
__end_of_USBCBCheckOtherReq               text1474     017C7
__end_of_USBCBErrorHandler                text1473     017BF
__end_of_USBCBInitEP                      text1477     017C3
__end_of_USBCBStdSetDscHandler            text1476     017BE
__end_of_USBCBSuspend                     text1470     00100
__end_of_USBCBWakeFromSuspend             text1471     00004
__end_of_USBCB_SOF_Handler                text1472     00003
__end_of_USBCheckCDCRequest               text1475     00D7B
__end_of_USBCheckStdRequest               text1451     00C39
__end_of_USBConfigureEndpoint             text1480     009D3
__end_of_USBCtrlEPAllowDataStage          text1445     00AB7
__end_of_USBCtrlEPAllowStatusStage        text1448     00CA0
__end_of_USBCtrlEPService                 text1442     00EF0
__end_of_USBCtrlEPServiceComplete         text1444     01000
__end_of_USBCtrlTrfInHandler              text1449     00DF4
__end_of_USBCtrlTrfOutHandler             text1446     00917
__end_of_USBCtrlTrfRxService              text1447     00618
__end_of_USBCtrlTrfSetupHandler           text1443     00990
__end_of_USBCtrlTrfTxService              text1450     00F76
__end_of_USBDeviceInit                    text1459     0055F
__end_of_USBDeviceTasks                   text1438     003BA
__end_of_USBEnableEndpoint                text1479     000FF
__end_of_USBStallHandler                  text1441     008BB
__end_of_USBStdFeatureReqHandler          text1456     0026A
__end_of_USBStdGetDscHandler              text1454     00E6E
__end_of_USBStdGetStatusHandler           text1455     00BD5
__end_of_USBStdSetCfgHandler              text1452     0074D
__end_of_USBSuspend                       text1440     00871
__end_of_USBTransferOnePacket             text1481     00B10
__end_of_USBWakeFromSuspend               text1439     00859
__end_of_USB_CD_Ptr                       strings      00012
__end_of_USB_SD_Ptr                       strings      00011
__end_of_USER_USB_CALLBACK_EVENT_HANDLER  text1457     00A63
__end_of_UserInit                         text1464     008E6
__end_of___lldiv                          text1482     00B72
__end_of__fptable                         functab      00105
__end_of__initialization                  cinit        007FD
__end_of__stringtab                       strings      0000E
__end_of_configDescriptor1                strings      00055
__end_of_device_dsc                       strings      000CF
__end_of_getcUSART                        text1468     0082D
__end_of_getsUSBUSART                     text1461     00D08
__end_of_main                             maintext     017EB
__end_of_memset                           text1453     00893
__end_of_mySetLineCodingHandler           text1467     00A19
__end_of_putUSBUSART                      text1462     00842
__end_of_putcUSART                        text1466     017CC
__end_of_sd000                            strings      000D3
__end_of_sd001                            strings      00089
__end_of_sd002                            strings      000BD
__fptable                                 functab      00100
__initialization                          cinit        007DC
__pbssBANK1                               bssBANK1     000A0
__pbssBANK2                               bssBANK2     00131
__pbssBANK3                               bssBANK3     001A0
__pbssBANK6                               bssBANK6     00320
__pbssCOMMON                              bssCOMMON    0007C
__pcstackBANK0                            cstackBANK0  00060
__pcstackBANK1                            cstackBANK1  000E2
__pcstackCOMMON                           cstackCOMMON 00070
__pfunctab                                functab      00100
__pintentry                               intentry     00004
__pmaintext                               maintext     017DE
__pstrings                                strings      0000D
__pswtext1                                swtext1      00800
__ptext1438                               text1438     0026A
__ptext1439                               text1439     00842
__ptext1440                               text1440     00859
__ptext1441                               text1441     00893
__ptext1442                               text1442     00E6E
__ptext1443                               text1443     00952
__ptext1444                               text1444     00F76
__ptext1445                               text1445     00A63
__ptext1446                               text1446     008E6
__ptext1447                               text1447     0055F
__ptext1448                               text1448     00C39
__ptext1449                               text1449     00D7B
__ptext1450                               text1450     00EF0
__ptext1451                               text1451     00BD5
__ptext1452                               text1452     006BA
__ptext1453                               text1453     00871
__ptext1454                               text1454     00DF4
__ptext1455                               text1455     00B72
__ptext1456                               text1456     00105
__ptext1457                               text1457     00A19
__ptext1458                               text1458     017D2
__ptext1459                               text1459     004A4
__ptext1460                               text1460     0074D
__ptext1461                               text1461     00CA0
__ptext1462                               text1462     0082D
__ptext1463                               text1463     003BA
__ptext1464                               text1464     008BB
__ptext1465                               text1465     017EB
__ptext1466                               text1466     017C7
__ptext1467                               text1467     009D3
__ptext1468                               text1468     0081A
__ptext1469                               text1469     00618
__ptext1470                               text1470     000FF
__ptext1471                               text1471     00003
__ptext1472                               text1472     00002
__ptext1473                               text1473     017BE
__ptext1474                               text1474     017C3
__ptext1475                               text1475     00D08
__ptext1476                               text1476     017BD
__ptext1477                               text1477     017BF
__ptext1478                               text1478     00917
__ptext1479                               text1479     000D3
__ptext1480                               text1480     00990
__ptext1481                               text1481     00AB7
__ptext1482                               text1482     00B10
__size_of_BlinkUSBStatus                  (abs)        00000
__size_of_CDCInitEP                       (abs)        00000
__size_of_CDCTxService                    (abs)        00000
__size_of_ISRCode                         (abs)        00000
__size_of_InitializeSystem                (abs)        00000
__size_of_InitializeUSART                 (abs)        00000
__size_of_ProcessIO                       (abs)        00000
__size_of_USBCBCheckOtherReq              (abs)        00000
__size_of_USBCBErrorHandler               (abs)        00000
__size_of_USBCBInitEP                     (abs)        00000
__size_of_USBCBStdSetDscHandler           (abs)        00000
__size_of_USBCBSuspend                    (abs)        00000
__size_of_USBCBWakeFromSuspend            (abs)        00000
__size_of_USBCB_SOF_Handler               (abs)        00000
__size_of_USBCheckCDCRequest              (abs)        00000
__size_of_USBCheckStdRequest              (abs)        00000
__size_of_USBConfigureEndpoint            (abs)        00000
__size_of_USBCtrlEPAllowDataStage         (abs)        00000
__size_of_USBCtrlEPAllowStatusStage       (abs)        00000
__size_of_USBCtrlEPService                (abs)        00000
__size_of_USBCtrlEPServiceComplete        (abs)        00000
__size_of_USBCtrlTrfInHandler             (abs)        00000
__size_of_USBCtrlTrfOutHandler            (abs)        00000
__size_of_USBCtrlTrfRxService             (abs)        00000
__size_of_USBCtrlTrfSetupHandler          (abs)        00000
__size_of_USBCtrlTrfTxService             (abs)        00000
__size_of_USBDeviceInit                   (abs)        00000
__size_of_USBDeviceTasks                  (abs)        00000
__size_of_USBEnableEndpoint               (abs)        00000
__size_of_USBStallHandler                 (abs)        00000
__size_of_USBStdFeatureReqHandler         (abs)        00000
__size_of_USBStdGetDscHandler             (abs)        00000
__size_of_USBStdGetStatusHandler          (abs)        00000
__size_of_USBStdSetCfgHandler             (abs)        00000
__size_of_USBSuspend                      (abs)        00000
__size_of_USBTransferOnePacket            (abs)        00000
__size_of_USBWakeFromSuspend              (abs)        00000
__size_of_USER_USB_CALLBACK_EVENT_HANDLER (abs)        00000
__size_of_UserInit                        (abs)        00000
__size_of___lldiv                         (abs)        00000
__size_of__fptable                        (abs)        00000
__size_of_getcUSART                       (abs)        00000
__size_of_getsUSBUSART                    (abs)        00000
__size_of_main                            (abs)        00000
__size_of_memset                          (abs)        00000
__size_of_mySetLineCodingHandler          (abs)        00000
__size_of_putUSBUSART                     (abs)        00000
__size_of_putcUSART                       (abs)        00000
__stringtab                               strings      0000D
_cdc_data_rx                              (abs)        002A0
_cdc_data_tx                              (abs)        00220
_cdc_mem_type                             bssBANK1     000CE
_cdc_notice                               (abs)        00127
_cdc_rx_len                               bssBANK1     000CF
_cdc_trf_state                            bssBANK1     000D0
_cdc_tx_len                               bssBANK1     000D1
_configDescriptor1                        strings      00012
_controlTransferState                     bssBANK1     000D2
_control_signal_bitmap                    bssBANK1     000D3
_device_dsc                               strings      000BD
_dummy_encapsulated_cmd_response          bssBANK2     00131
_endpoint_number                          bssBANK1     000D4
_ep_data_in                               bssBANK1     000AA
_ep_data_out                              bssBANK1     000AD
_getcUSART                                text1468     0081A
_getsUSBUSART                             text1461     00CA0
_getsUSBUSART$2132                        cstackBANK0  00061
_inPipes                                  bssBANK1     000D9
_lastTransmission                         bssBANK1     000D5
_line_coding                              (abs)        00120
_main                                     maintext     017DE
_memset                                   text1453     00871
_mySetLineCodingHandler                   text1467     009D3
_outPipes                                 bssBANK1     000A0
_pBDTEntryEP0OutCurrent                   bssBANK1     000D6
_pBDTEntryEP0OutNext                      bssCOMMON    0007C
_pBDTEntryIn                              bssBANK1     000B0
_pBDTEntryOut                             bssBANK1     000B3
_pCDCDst                                  bssBANK1     000BA
_pCDCSrc                                  bssBANK1     000BC
_pDst                                     bssBANK1     000D7
_putUSBUSART                              text1462     0082D
_putcUSART                                text1466     017C7
_sd000                                    strings      000CF
_sd001                                    strings      00055
_sd002                                    strings      00089
_shortPacketStatus                        bssBANK1     000D8
btemp                                     (abs)        0007E
clear_ram                                 clrtext      017CC
end_of_initialization                     cinit        007FD
fpbase                                    functab      00102
fptable                                   functab      00100
fptotal                                   (abs)        00002
getcUSART@c                               cstackCOMMON 00072
getsUSBUSART@buffer                       cstackBANK0  00060
getsUSBUSART@len                          cstackCOMMON 00078
intlevel0                                 functab      00100
intlevel1                                 functab      00100
intlevel2                                 functab      00100
intlevel3                                 functab      00100
intlevel4                                 functab      00100
intlevel5                                 functab      00100
memset@c                                  cstackCOMMON 00071
memset@n                                  cstackCOMMON 00073
memset@p                                  cstackCOMMON 00077
memset@p1                                 cstackCOMMON 00076
mySetLineCodingHandler@dwBaud             cstackBANK0  00065
putUSBUSART@data                          cstackCOMMON 00073
putUSBUSART@length                        cstackCOMMON 00071
putcUSART@c                               cstackCOMMON 00071
reset_vec                                 reset_vec    00000
start                                     init         0000B
start_initialization                      cinit        007DC
wtemp0                                    (abs)        0007E


FUNCTION INFORMATION:

 *************** function _main *****************
 Defined at:
		line 468 in file "../main.c"
 Parameters:    Size  Location     Type
		None
 Auto vars:     Size  Location     Type
		None
 Return value:  Size  Location     Type
                  2  587[COMMON] int 
 Registers used:
		wreg, fsr0l, fsr0h, fsr1l, fsr1h, status,2, status,0, btemp+1, pclath, cstack
 Tracked objects:
		On entry : 
		On exit  : 
		Unchanged: 
 Data sizes:     COMMON   BANK0   BANK1   BANK2   BANK3   BANK4   BANK5   BANK6   BANK7   BANK8   BANK9  BANK10  BANK11  BANK12
      Params:         0       0       0       0       0       0       0       0       0       0       0       0       0       0
      Locals:         0       0       0       0       0       0       0       0       0       0       0       0       0       0
      Temps:          0       0       0       0       0       0       0       0       0       0       0       0       0       0
      Totals:         0       0       0       0       0       0       0       0       0       0       0       0       0       0
Total ram usage:        0 bytes
 Hardware stack levels required when called:   11
 This function calls:
		_InitializeSystem
		_USBDeviceTasks
		_ProcessIO
 This function is called by:
		Startup code after reset
 This function uses a non-reentrant model


 *************** function _USBDeviceTasks *****************
 Defined at:
		line 669 in file "../../../../Microchip/USB/usb_device.c"
 Parameters:    Size  Location     Type
		None
 Auto vars:     Size  Location     Type
  i               1   11[BANK1 ] unsigned char 
 Return value:  Size  Location     Type
		None               void
 Registers used:
		wreg, fsr0l, fsr0h, fsr1l, fsr1h, status,2, status,0, btemp+1, pclath, cstack
 Tracked objects:
		On entry : 
		On exit  : 
		Unchanged: 
 Data sizes:     COMMON   BANK0   BANK1   BANK2   BANK3   BANK4   BANK5   BANK6   BANK7   BANK8   BANK9  BANK10  BANK11  BANK12
      Params:         0       0       0       0       0       0       0       0       0       0       0       0       0       0
      Locals:         0       0       1       0       0       0       0       0       0       0       0       0       0       0
      Temps:          0       0       2       0       0       0       0       0       0       0       0       0       0       0
      Totals:         0       0       3       0       0       0       0       0       0       0       0       0       0       0
Total ram usage:        3 bytes
 Hardware stack levels used:    1
 Hardware stack levels required when called:   10
 This function calls:
		_USBWakeFromSuspend
		_USBDeviceInit
		_USBSuspend
		_USER_USB_CALLBACK_EVENT_HANDLER
		_USBCtrlEPAllowStatusStage
		_USBStallHandler
		_USBCtrlEPService
 This function is called by:
		_main
 This function uses a non-reentrant model


 *************** function _USBWakeFromSuspend *****************
 Defined at:
		line 2456 in file "../../../../Microchip/USB/usb_device.c"
 Parameters:    Size  Location     Type
		None
 Auto vars:     Size  Location     Type
		None
 Return value:  Size  Location     Type
		None               void
 Registers used:
		wreg, fsr0l, fsr0h, fsr1l, fsr1h, status,2, status,0, btemp+1, pclath, cstack
 Tracked objects:
		On entry : 
		On exit  : 
		Unchanged: 
 Data sizes:     COMMON   BANK0   BANK1   BANK2   BANK3   BANK4   BANK5   BANK6   BANK7   BANK8   BANK9  BANK10  BANK11  BANK12
      Params:         0       0       0       0       0       0       0       0       0       0       0       0       0       0
      Locals:         0       0       0       0       0       0       0       0       0       0       0       0       0       0
      Temps:          1       0       0       0       0       0       0       0       0       0       0       0       0       0
      Totals:         1       0       0       0       0       0       0       0       0       0       0       0       0       0
Total ram usage:        1 bytes
 Hardware stack levels used:    1
 Hardware stack levels required when called:    6
 This function calls:
		_USER_USB_CALLBACK_EVENT_HANDLER
 This function is called by:
		_USBDeviceTasks
 This function uses a non-reentrant model


 *************** function _USBSuspend *****************
 Defined at:
		line 2399 in file "../../../../Microchip/USB/usb_device.c"
 Parameters:    Size  Location     Type
		None
 Auto vars:     Size  Location     Type
		None
 Return value:  Size  Location     Type
		None               void
 Registers used:
		wreg, fsr0l, fsr0h, fsr1l, fsr1h, status,2, status,0, btemp+1, pclath, cstack
 Tracked objects:
		On entry : 
		On exit  : 
		Unchanged: 
 Data sizes:     COMMON   BANK0   BANK1   BANK2   BANK3   BANK4   BANK5   BANK6   BANK7   BANK8   BANK9  BANK10  BANK11  BANK12
      Params:         0       0       0       0       0       0       0       0       0       0       0       0       0       0
      Locals:         0       0       0       0       0       0       0       0       0       0       0       0       0       0
      Temps:          1       0       0       0       0       0       0       0       0       0       0       0       0       0
      Totals:         1       0       0       0       0       0       0       0       0       0       0       0       0       0
Total ram usage:        1 bytes
 Hardware stack levels used:    1
 Hardware stack levels required when called:    6
 This function calls:
		_USER_USB_CALLBACK_EVENT_HANDLER
 This function is called by:
		_USBDeviceTasks
 This function uses a non-reentrant model


 *************** function _USBStallHandler *****************
 Defined at:
		line 2356 in file "../../../../Microchip/USB/usb_device.c"
 Parameters:    Size  Location     Type
		None
 Auto vars:     Size  Location     Type
		None
 Return value:  Size  Location     Type
		None               void
 Registers used:
		wreg, fsr1l, fsr1h, status,2, status,0
 Tracked objects:
		On entry : 
		On exit  : 
		Unchanged: 
 Data sizes:     COMMON   BANK0   BANK1   BANK2   BANK3   BANK4   BANK5   BANK6   BANK7   BANK8   BANK9  BANK10  BANK11  BANK12
      Params:         0       0       0       0       0       0       0       0       0       0       0       0       0       0
      Locals:         0       0       0       0       0       0       0       0       0       0       0       0       0       0
      Temps:          1       0       0       0       0       0       0       0       0       0       0       0       0       0
      Totals:         1       0       0       0       0       0       0       0       0       0       0       0       0       0
Total ram usage:        1 bytes
 Hardware stack levels used:    1
 Hardware stack levels required when called:    1
 This function calls:
		Nothing
 This function is called by:
		_USBDeviceTasks
 This function uses a non-reentrant model


 *************** function _USBCtrlEPService *****************
 Defined at:
		line 2523 in file "../../../../Microchip/USB/usb_device.c"
 Parameters:    Size  Location     Type
		None
 Auto vars:     Size  Location     Type
  setup_cnt       1    8[BANK1 ] unsigned char 
 Return value:  Size  Location     Type
		None               void
 Registers used:
		wreg, fsr0l, fsr0h, fsr1l, fsr1h, status,2, status,0, btemp+1, pclath, cstack
 Tracked objects:
		On entry : 
		On exit  : 
		Unchanged: 
 Data sizes:     COMMON   BANK0   BANK1   BANK2   BANK3   BANK4   BANK5   BANK6   BANK7   BANK8   BANK9  BANK10  BANK11  BANK12
      Params:         0       0       0       0       0       0       0       0       0       0       0       0       0       0
      Locals:         0       0       1       0       0       0       0       0       0       0       0       0       0       0
      Temps:          0       0       3       0       0       0       0       0       0       0       0       0       0       0
      Totals:         0       0       4       0       0       0       0       0       0       0       0       0       0       0
Total ram usage:        4 bytes
 Hardware stack levels used:    1
 Hardware stack levels required when called:    9
 This function calls:
		_USBCtrlTrfSetupHandler
		_USBCtrlTrfOutHandler
		_USBCtrlTrfInHandler
 This function is called by:
		_USBDeviceTasks
 This function uses a non-reentrant model


 *************** function _USBCtrlTrfSetupHandler *****************
 Defined at:
		line 2623 in file "../../../../Microchip/USB/usb_device.c"
 Parameters:    Size  Location     Type
		None
 Auto vars:     Size  Location     Type
		None
 Return value:  Size  Location     Type
		None               void
 Registers used:
		wreg, fsr0l, fsr0h, fsr1l, fsr1h, status,2, status,0, btemp+1, pclath, cstack
 Tracked objects:
		On entry : 
		On exit  : 
		Unchanged: 
 Data sizes:     COMMON   BANK0   BANK1   BANK2   BANK3   BANK4   BANK5   BANK6   BANK7   BANK8   BANK9  BANK10  BANK11  BANK12
      Params:         0       0       0       0       0       0       0       0       0       0       0       0       0       0
      Locals:         0       0       0       0       0       0       0       0       0       0       0       0       0       0
      Temps:          0       0       1       0       0       0       0       0       0       0       0       0       0       0
      Totals:         0       0       1       0       0       0       0       0       0       0       0       0       0       0
Total ram usage:        1 bytes
 Hardware stack levels used:    1
 Hardware stack levels required when called:    8
 This function calls:
		_USBCheckStdRequest
		_USER_USB_CALLBACK_EVENT_HANDLER
		_USBCtrlEPServiceComplete
 This function is called by:
		_USBCtrlEPService
 This function uses a non-reentrant model


 *************** function _USBCtrlEPServiceComplete *****************
 Defined at:
		line 1786 in file "../../../../Microchip/USB/usb_device.c"
 Parameters:    Size  Location     Type
		None
 Auto vars:     Size  Location     Type
		None
 Return value:  Size  Location     Type
		None               void
 Registers used:
		wreg, fsr0l, fsr0h, fsr1l, fsr1h, status,2, status,0, pclath, cstack
 Tracked objects:
		On entry : 
		On exit  : 
		Unchanged: 
 Data sizes:     COMMON   BANK0   BANK1   BANK2   BANK3   BANK4   BANK5   BANK6   BANK7   BANK8   BANK9  BANK10  BANK11  BANK12
      Params:         0       0       0       0       0       0       0       0       0       0       0       0       0       0
      Locals:         0       0       0       0       0       0       0       0       0       0       0       0       0       0
      Temps:          2       0       0       0       0       0       0       0       0       0       0       0       0       0
      Totals:         2       0       0       0       0       0       0       0       0       0       0       0       0       0
Total ram usage:        2 bytes
 Hardware stack levels used:    1
 Hardware stack levels required when called:    3
 This function calls:
		_USBCtrlEPAllowDataStage
		_USBCtrlEPAllowStatusStage
 This function is called by:
		_USBCtrlTrfSetupHandler
 This function uses a non-reentrant model


 *************** function _USBCtrlEPAllowDataStage *****************
 Defined at:
		line 1660 in file "../../../../Microchip/USB/usb_device.c"
 Parameters:    Size  Location     Type
		None
 Auto vars:     Size  Location     Type
		None
 Return value:  Size  Location     Type
		None               void
 Registers used:
		wreg, fsr0l, fsr0h, fsr1l, fsr1h, status,2, status,0, pclath, cstack
 Tracked objects:
		On entry : 
		On exit  : 
		Unchanged: 
 Data sizes:     COMMON   BANK0   BANK1   BANK2   BANK3   BANK4   BANK5   BANK6   BANK7   BANK8   BANK9  BANK10  BANK11  BANK12
      Params:         0       0       0       0       0       0       0       0       0       0       0       0       0       0
      Locals:         0       0       0       0       0       0       0       0       0       0       0       0       0       0
      Temps:          2       0       0       0       0       0       0       0       0       0       0       0       0       0
      Totals:         2       0       0       0       0       0       0       0       0       0       0       0       0       0
Total ram usage:        2 bytes
 Hardware stack levels used:    1
 Hardware stack levels required when called:    2
 This function calls:
		_USBCtrlTrfTxService
 This function is called by:
		_USBCtrlEPServiceComplete
 This function uses a non-reentrant model


 *************** function _USBCtrlTrfOutHandler *****************
 Defined at:
		line 2695 in file "../../../../Microchip/USB/usb_device.c"
 Parameters:    Size  Location     Type
		None
 Auto vars:     Size  Location     Type
		None
 Return value:  Size  Location     Type
		None               void
 Registers used:
		wreg, fsr1l, fsr1h, status,2, status,0, pclath, cstack
 Tracked objects:
		On entry : 
		On exit  : 
		Unchanged: 
 Data sizes:     COMMON   BANK0   BANK1   BANK2   BANK3   BANK4   BANK5   BANK6   BANK7   BANK8   BANK9  BANK10  BANK11  BANK12
      Params:         0       0       0       0       0       0       0       0       0       0       0       0       0       0
      Locals:         0       0       0       0       0       0       0       0       0       0       0       0       0       0
      Temps:          0       2       0       0       0       0       0       0       0       0       0       0       0       0
      Totals:         0       2       0       0       0       0       0       0       0       0       0       0       0       0
Total ram usage:        2 bytes
 Hardware stack levels used:    1
 Hardware stack levels required when called:    4
 This function calls:
		_USBCtrlTrfRxService
 This function is called by:
		_USBCtrlEPService
 This function uses a non-reentrant model


 *************** function _USBCtrlTrfRxService *****************
 Defined at:
		line 2019 in file "../../../../Microchip/USB/usb_device.c"
 Parameters:    Size  Location     Type
		None
 Auto vars:     Size  Location     Type
  byteToRead      1   10[BANK0 ] unsigned char 
  i               1    9[BANK0 ] unsigned char 
 Return value:  Size  Location     Type
		None               void
 Registers used:
		wreg, fsr1l, fsr1h, status,2, status,0, pclath, cstack
 Tracked objects:
		On entry : 
		On exit  : 
		Unchanged: 
 Data sizes:     COMMON   BANK0   BANK1   BANK2   BANK3   BANK4   BANK5   BANK6   BANK7   BANK8   BANK9  BANK10  BANK11  BANK12
      Params:         0       0       0       0       0       0       0       0       0       0       0       0       0       0
      Locals:         0       2       0       0       0       0       0       0       0       0       0       0       0       0
      Temps:          2       0       0       0       0       0       0       0       0       0       0       0       0       0
      Totals:         2       2       0       0       0       0       0       0       0       0       0       0       0       0
Total ram usage:        4 bytes
 Hardware stack levels used:    1
 Hardware stack levels required when called:    3
 This function calls:
		_mySetLineCodingHandler
		_USBCtrlEPAllowStatusStage
 This function is called by:
		_USBCtrlTrfOutHandler
 This function uses a non-reentrant model


 *************** function _USBCtrlEPAllowStatusStage *****************
 Defined at:
		line 1590 in file "../../../../Microchip/USB/usb_device.c"
 Parameters:    Size  Location     Type
		None
 Auto vars:     Size  Location     Type
		None
 Return value:  Size  Location     Type
		None               void
 Registers used:
		wreg, fsr1l, fsr1h, status,2, status,0
 Tracked objects:
		On entry : 
		On exit  : 
		Unchanged: 
 Data sizes:     COMMON   BANK0   BANK1   BANK2   BANK3   BANK4   BANK5   BANK6   BANK7   BANK8   BANK9  BANK10  BANK11  BANK12
      Params:         0       0       0       0       0       0       0       0       0       0       0       0       0       0
      Locals:         0       0       0       0       0       0       0       0       0       0       0       0       0       0
      Temps:          2       0       0       0       0       0       0       0       0       0       0       0       0       0
      Totals:         2       0       0       0       0       0       0       0       0       0       0       0       0       0
Total ram usage:        2 bytes
 Hardware stack levels used:    1
 Hardware stack levels required when called:    1
 This function calls:
		Nothing
 This function is called by:
		_USBDeviceTasks
		_USBCtrlEPServiceComplete
		_USBCtrlTrfRxService
 This function uses a non-reentrant model


 *************** function _USBCtrlTrfInHandler *****************
 Defined at:
		line 2748 in file "../../../../Microchip/USB/usb_device.c"
 Parameters:    Size  Location     Type
		None
 Auto vars:     Size  Location     Type
  lastDTS         1    9[BANK0 ] unsigned char 
 Return value:  Size  Location     Type
		None               void
 Registers used:
		wreg, fsr0l, fsr0h, fsr1l, fsr1h, status,2, status,0, pclath, cstack
 Tracked objects:
		On entry : 
		On exit  : 
		Unchanged: 
 Data sizes:     COMMON   BANK0   BANK1   BANK2   BANK3   BANK4   BANK5   BANK6   BANK7   BANK8   BANK9  BANK10  BANK11  BANK12
      Params:         0       0       0       0       0       0       0       0       0       0       0       0       0       0
      Locals:         0       1       0       0       0       0       0       0       0       0       0       0       0       0
      Temps:          2       0       0       0       0       0       0       0       0       0       0       0       0       0
      Totals:         2       1       0       0       0       0       0       0       0       0       0       0       0       0
Total ram usage:        3 bytes
 Hardware stack levels used:    1
 Hardware stack levels required when called:    3
[...]
		None               void
 Registers used:
		None
 Tracked objects:
		On entry : 
		On exit  : 
		Unchanged: 
 Data sizes:     COMMON   BANK0   BANK1   BANK2   BANK3   BANK4   BANK5   BANK6   BANK7   BANK8   BANK9  BANK10  BANK11  BANK12
      Params:         0       0       0       0       0       0       0       0       0       0       0       0       0       0
      Locals:         0       0       0       0       0       0       0       0       0       0       0       0       0       0
      Temps:          0       0       0       0       0       0       0       0       0       0       0       0       0       0
      Totals:         0       0       0       0       0       0       0       0       0       0       0       0       0       0
Total ram usage:        0 bytes
 Hardware stack levels used:    1
 Hardware stack levels required when called:    1
 This function calls:
		Nothing
 This function is called by:
		_USER_USB_CALLBACK_EVENT_HANDLER
 This function uses a non-reentrant model


 *************** function _USBCBErrorHandler *****************
 Defined at:
		line 1348 in file "../main.c"
 Parameters:    Size  Location     Type
		None
 Auto vars:     Size  Location     Type
		None
 Return value:  Size  Location     Type
		None               void
 Registers used:
		None
 Tracked objects:
		On entry : 
		On exit  : 
		Unchanged: 
 Data sizes:     COMMON   BANK0   BANK1   BANK2   BANK3   BANK4   BANK5   BANK6   BANK7   BANK8   BANK9  BANK10  BANK11  BANK12
      Params:         0       0       0       0       0       0       0       0       0       0       0       0       0       0
      Locals:         0       0       0       0       0       0       0       0       0       0       0       0       0       0
      Temps:          0       0       0       0       0       0       0       0       0       0       0       0       0       0
      Totals:         0       0       0       0       0       0       0       0       0       0       0       0       0       0
Total ram usage:        0 bytes
 Hardware stack levels used:    1
 Hardware stack levels required when called:    1
 This function calls:
		Nothing
 This function is called by:
		_USER_USB_CALLBACK_EVENT_HANDLER
 This function uses a non-reentrant model


 *************** function _USBCBCheckOtherReq *****************
 Defined at:
		line 1399 in file "../main.c"
 Parameters:    Size  Location     Type
		None
 Auto vars:     Size  Location     Type
		None
 Return value:  Size  Location     Type
		None               void
 Registers used:
		wreg, fsr0l, fsr0h, status,2, status,0, pclath, cstack
 Tracked objects:
		On entry : 
		On exit  : 
		Unchanged: 
 Data sizes:     COMMON   BANK0   BANK1   BANK2   BANK3   BANK4   BANK5   BANK6   BANK7   BANK8   BANK9  BANK10  BANK11  BANK12
      Params:         0       0       0       0       0       0       0       0       0       0       0       0       0       0
      Locals:         0       0       0       0       0       0       0       0       0       0       0       0       0       0
      Temps:          0       0       0       0       0       0       0       0       0       0       0       0       0       0
      Totals:         0       0       0       0       0       0       0       0       0       0       0       0       0       0
Total ram usage:        0 bytes
 Hardware stack levels used:    1
 Hardware stack levels required when called:    2
 This function calls:
		_USBCheckCDCRequest
 This function is called by:
		_USER_USB_CALLBACK_EVENT_HANDLER
 This function uses a non-reentrant model


 *************** function _USBCheckCDCRequest *****************
 Defined at:
		line 267 in file "../../../../Microchip/USB/CDC Device Driver/usb_function_cdc.c"
 Parameters:    Size  Location     Type
		None
 Auto vars:     Size  Location     Type
		None
 Return value:  Size  Location     Type
		None               void
 Registers used:
		wreg, fsr0l, fsr0h, status,2, status,0
 Tracked objects:
		On entry : 
		On exit  : 
		Unchanged: 
 Data sizes:     COMMON   BANK0   BANK1   BANK2   BANK3   BANK4   BANK5   BANK6   BANK7   BANK8   BANK9  BANK10  BANK11  BANK12
      Params:         0       0       0       0       0       0       0       0       0       0       0       0       0       0
      Locals:         0       0       0       0       0       0       0       0       0       0       0       0       0       0
      Temps:          1       0       0       0       0       0       0       0       0       0       0       0       0       0
      Totals:         1       0       0       0       0       0       0       0       0       0       0       0       0       0
Total ram usage:        1 bytes
 Hardware stack levels used:    1
 Hardware stack levels required when called:    1
 This function calls:
		Nothing
 This function is called by:
		_USBCBCheckOtherReq
 This function uses a non-reentrant model


 *************** function _USBCBStdSetDscHandler *****************
 Defined at:
		line 1424 in file "../main.c"
 Parameters:    Size  Location     Type
		None
 Auto vars:     Size  Location     Type
		None
 Return value:  Size  Location     Type
		None               void
 Registers used:
		None
 Tracked objects:
		On entry : 
		On exit  : 
		Unchanged: 
 Data sizes:     COMMON   BANK0   BANK1   BANK2   BANK3   BANK4   BANK5   BANK6   BANK7   BANK8   BANK9  BANK10  BANK11  BANK12
      Params:         0       0       0       0       0       0       0       0       0       0       0       0       0       0
      Locals:         0       0       0       0       0       0       0       0       0       0       0       0       0       0
      Temps:          0       0       0       0       0       0       0       0       0       0       0       0       0       0
      Totals:         0       0       0       0       0       0       0       0       0       0       0       0       0       0
Total ram usage:        0 bytes
 Hardware stack levels used:    1
 Hardware stack levels required when called:    1
 This function calls:
		Nothing
 This function is called by:
		_USER_USB_CALLBACK_EVENT_HANDLER
 This function uses a non-reentrant model


 *************** function _USBCBInitEP *****************
 Defined at:
		line 1450 in file "../main.c"
 Parameters:    Size  Location     Type
		None
 Auto vars:     Size  Location     Type
		None
 Return value:  Size  Location     Type
		None               void
 Registers used:
		wreg, fsr1l, fsr1h, status,2, status,0, pclath, cstack
 Tracked objects:
		On entry : 
		On exit  : 
		Unchanged: 
 Data sizes:     COMMON   BANK0   BANK1   BANK2   BANK3   BANK4   BANK5   BANK6   BANK7   BANK8   BANK9  BANK10  BANK11  BANK12
      Params:         0       0       0       0       0       0       0       0       0       0       0       0       0       0
      Locals:         0       0       0       0       0       0       0       0       0       0       0       0       0       0
      Temps:          0       0       0       0       0       0       0       0       0       0       0       0       0       0
      Totals:         0       0       0       0       0       0       0       0       0       0       0       0       0       0
Total ram usage:        0 bytes
 Hardware stack levels used:    1
 Hardware stack levels required when called:    4
 This function calls:
		_CDCInitEP
 This function is called by:
		_USER_USB_CALLBACK_EVENT_HANDLER
 This function uses a non-reentrant model


 *************** function _CDCInitEP *****************
 Defined at:
		line 414 in file "../../../../Microchip/USB/CDC Device Driver/usb_function_cdc.c"
 Parameters:    Size  Location     Type
		None
 Auto vars:     Size  Location     Type
		None
 Return value:  Size  Location     Type
		None               void
 Registers used:
		wreg, fsr1l, fsr1h, status,2, status,0, pclath, cstack
 Tracked objects:
		On entry : 
		On exit  : 
		Unchanged: 
 Data sizes:     COMMON   BANK0   BANK1   BANK2   BANK3   BANK4   BANK5   BANK6   BANK7   BANK8   BANK9  BANK10  BANK11  BANK12
      Params:         0       0       0       0       0       0       0       0       0       0       0       0       0       0
      Locals:         0       0       0       0       0       0       0       0       0       0       0       0       0       0
      Temps:          0       3       0       0       0       0       0       0       0       0       0       0       0       0
      Totals:         0       3       0       0       0       0       0       0       0       0       0       0       0       0
Total ram usage:        3 bytes
 Hardware stack levels used:    1
 Hardware stack levels required when called:    3
 This function calls:
		_USBEnableEndpoint
		_USBTransferOnePacket
 This function is called by:
		_USBCBInitEP
 This function uses a non-reentrant model


 *************** function _USBEnableEndpoint *****************
 Defined at:
		line 1056 in file "../../../../Microchip/USB/usb_device.c"
 Parameters:    Size  Location     Type
  ep              1    wreg     unsigned char 
  options         1    8[COMMON] unsigned char 
 Auto vars:     Size  Location     Type
  ep              1    2[BANK0 ] unsigned char 
  p               2    0[BANK0 ] PTR unsigned char 
		 -> UEP0(1), 
 Return value:  Size  Location     Type
		None               void
 Registers used:
		wreg, fsr1l, fsr1h, status,2, status,0, pclath, cstack
 Tracked objects:
		On entry : 
		On exit  : 
		Unchanged: 
 Data sizes:     COMMON   BANK0   BANK1   BANK2   BANK3   BANK4   BANK5   BANK6   BANK7   BANK8   BANK9  BANK10  BANK11  BANK12
      Params:         1       0       0       0       0       0       0       0       0       0       0       0       0       0
      Locals:         0       3       0       0       0       0       0       0       0       0       0       0       0       0
      Temps:          2       0       0       0       0       0       0       0       0       0       0       0       0       0
      Totals:         3       3       0       0       0       0       0       0       0       0       0       0       0       0
Total ram usage:        6 bytes
 Hardware stack levels used:    1
 Hardware stack levels required when called:    2
 This function calls:
		_USBConfigureEndpoint
 This function is called by:
		_CDCInitEP
 This function uses a non-reentrant model


 *************** function _USBConfigureEndpoint *****************
 Defined at:
		line 1713 in file "../../../../Microchip/USB/usb_device.c"
 Parameters:    Size  Location     Type
  EPNum           1    wreg     unsigned char 
  direction       1    1[COMMON] unsigned char 
 Auto vars:     Size  Location     Type
  EPNum           1    6[COMMON] unsigned char 
  handle          1    7[COMMON] PTR volatile struct __BD
		 -> BDT(48), 
 Return value:  Size  Location     Type
		None               void
 Registers used:
		wreg, fsr1l, fsr1h, status,2, status,0
 Tracked objects:
		On entry : 
		On exit  : 
		Unchanged: 
 Data sizes:     COMMON   BANK0   BANK1   BANK2   BANK3   BANK4   BANK5   BANK6   BANK7   BANK8   BANK9  BANK10  BANK11  BANK12
      Params:         1       0       0       0       0       0       0       0       0       0       0       0       0       0
      Locals:         2       0       0       0       0       0       0       0       0       0       0       0       0       0
      Temps:          4       0       0       0       0       0       0       0       0       0       0       0       0       0
      Totals:         7       0       0       0       0       0       0       0       0       0       0       0       0       0
Total ram usage:        7 bytes
 Hardware stack levels used:    1
 Hardware stack levels required when called:    1
 This function calls:
		Nothing
 This function is called by:
		_USBEnableEndpoint
 This function uses a non-reentrant model


 *************** function _USBTransferOnePacket *****************
 Defined at:
		line 1173 in file "../../../../Microchip/USB/usb_device.c"
 Parameters:    Size  Location     Type
  ep              1    wreg     unsigned char 
  dir             1    1[COMMON] unsigned char 
  data            1    2[COMMON] PTR unsigned char 
		 -> cdc_data_tx(64), cdc_data_rx(64), NULL(0), 
  len             1    3[COMMON] unsigned char 
 Auto vars:     Size  Location     Type
  ep              1    6[COMMON] unsigned char 
  handle          1    7[COMMON] PTR volatile struct __BD
		 -> NULL(0), BDT(48), 
 Return value:  Size  Location     Type
                  1    wreg      PTR void 
 Registers used:
		wreg, fsr1l, fsr1h, status,2, status,0
 Tracked objects:
		On entry : 
		On exit  : 
		Unchanged: 
 Data sizes:     COMMON   BANK0   BANK1   BANK2   BANK3   BANK4   BANK5   BANK6   BANK7   BANK8   BANK9  BANK10  BANK11  BANK12
      Params:         3       0       0       0       0       0       0       0       0       0       0       0       0       0
      Locals:         2       0       0       0       0       0       0       0       0       0       0       0       0       0
      Temps:          2       0       0       0       0       0       0       0       0       0       0       0       0       0
      Totals:         7       0       0       0       0       0       0       0       0       0       0       0       0       0
Total ram usage:        7 bytes
 Hardware stack levels used:    1
 Hardware stack levels required when called:    1
 This function calls:
		Nothing
 This function is called by:
		_CDCInitEP
		_getsUSBUSART
		_CDCTxService
		_USBCDCEventHandler
 This function uses a non-reentrant model


 *************** function ___lldiv *****************
 Defined at:
		line 5 in file "C:\Program Files (x86)\Microchip\xc8\v1.12\sources\lldiv.c"
 Parameters:    Size  Location     Type
  divisor         4    1[COMMON] unsigned long 
  dividend        4    5[COMMON] unsigned long 
 Auto vars:     Size  Location     Type
  quotient        4    0[BANK0 ] unsigned long 
  counter         1    4[BANK0 ] unsigned char 
 Return value:  Size  Location     Type
                  4    1[COMMON] unsigned long 
 Registers used:
		wreg, status,2, status,0
 Tracked objects:
		On entry : 
		On exit  : 
		Unchanged: 
 Data sizes:     COMMON   BANK0   BANK1   BANK2   BANK3   BANK4   BANK5   BANK6   BANK7   BANK8   BANK9  BANK10  BANK11  BANK12
      Params:         8       0       0       0       0       0       0       0       0       0       0       0       0       0
      Locals:         0       5       0       0       0       0       0       0       0       0       0       0       0       0
      Temps:          1       0       0       0       0       0       0       0       0       0       0       0       0       0
      Totals:         9       5       0       0       0       0       0       0       0       0       0       0       0       0
Total ram usage:       14 bytes
 Hardware stack levels used:    1
 Hardware stack levels required when called:    1
 This function calls:
		Nothing
 This function is called by:
		_mySetLineCodingHandler
 This function uses a non-reentrant model


 *************** function _ISRCode *****************
 Defined at:
		line 429 in file "../main.c"
 Parameters:    Size  Location     Type
		None
 Auto vars:     Size  Location     Type
		None
 Return value:  Size  Location     Type
		None               void
 Registers used:
		None
 Tracked objects:
		On entry : 
		On exit  : 
		Unchanged: 
 Data sizes:     COMMON   BANK0   BANK1   BANK2   BANK3   BANK4   BANK5   BANK6   BANK7   BANK8   BANK9  BANK10  BANK11  BANK12
      Params:         0       0       0       0       0       0       0       0       0       0       0       0       0       0
      Locals:         0       0       0       0       0       0       0       0       0       0       0       0       0       0
      Temps:          1       0       0       0       0       0       0       0       0       0       0       0       0       0
      Totals:         1       0       0       0       0       0       0       0       0       0       0       0       0       0
Total ram usage:        1 bytes
 Hardware stack levels used:    1
 This function calls:
		Nothing
 This function is called by:
		Interrupt level 1
 This function uses a non-reentrant model



MODULE INFORMATION

Module		Function		Class		Link	Load	Size
../main.c
		_BlinkUSBStatus		CODE           	0618	0000	162
		_putcUSART     		CODE           	17C7	0000	5
		_USBCBErrorHand		CODE           	17BE	0000	1
		_UserInit      		CODE           	08BB	0000	43
		_USBCBWakeFromS		CODE           	0003	0000	1
		_main          		CODE           	17DE	0000	13
		_USER_USB_CALLB		CODE           	0A19	0000	74
		_USBCBStdSetDsc		CODE           	17BD	0000	1
		_USBCBInitEP   		CODE           	17BF	0000	4
		_InitializeSyst		CODE           	17D2	0000	12
		_ProcessIO     		CODE           	074D	0000	143
		_getcUSART     		CODE           	081A	0000	19
		_USBCB_SOF_Hand		CODE           	0002	0000	1
		_USBCBSuspend  		CODE           	00FF	0000	1
		_USBCBCheckOthe		CODE           	17C3	0000	4
		_InitializeUSAR		CODE           	17EB	0000	21
		_ISRCode       		CODE           	0004	0000	7
		_mySetLineCodin		CODE           	09D3	0000	70

../main.c estimated size: 582

../../common/memset.c
		_memset        		CODE           	0871	0000	34

../../common/memset.c estimated size: 34

C:\Program Files (x86)\Microchip\xc8\v1.12\sources\lldiv.c
		___lldiv       		CODE           	0B10	0000	98

C:\Program Files (x86)\Microchip\xc8\v1.12\sources\lldiv.c estimated size: 98

shared
		_configDescript		STRING         	0012	0000	67
		_USB_CD_Ptr    		STRING         	0011	0000	1
		_sd001         		STRING         	0055	0000	52
		__stringtab    		STRING         	000D	0000	1
		_sd002         		STRING         	0089	0000	52
		__initializatio		CODE           	07DC	0000	33
		_device_dsc    		STRING         	00BD	0000	18
		__fptable      		CODE           	0100	0000	5
		_USB_SD_Ptr    		STRING         	000E	0000	3
		_sd000         		STRING         	00CF	0000	4

shared estimated size: 236

../../../../Microchip/USB/usb_device.c
		_USBCtrlTrfInHa		CODE           	0D7B	0000	121
		_USBTransferOne		CODE           	0AB7	0000	89
		_USBStdGetDscHa		CODE           	0DF4	0000	122
		_USBCtrlEPAllow		CODE           	0A63	0000	84
		_USBStdFeatureR		CODE           	0105	0000	357
		_USBCtrlEPAllow		CODE           	0C39	0000	103
		_USBCtrlTrfSetu		CODE           	0952	0000	62
		_USBCtrlTrfOutH		CODE           	08E6	0000	49
		_USBCtrlEPServi		CODE           	0F76	0000	138
		_USBSuspend    		CODE           	0859	0000	24
		_USBStdSetCfgHa		CODE           	06BA	0000	147
		_USBStdGetStatu		CODE           	0B72	0000	99
		_USBWakeFromSus		CODE           	0842	0000	23
		_USBCtrlTrfRxSe		CODE           	055F	0000	185
		_USBCtrlTrfTxSe		CODE           	0EF0	0000	134
		_USBEnableEndpo		CODE           	00D3	0000	44
		_USBConfigureEn		CODE           	0990	0000	67
		_USBDeviceInit 		CODE           	04A4	0000	187
		_USBCtrlEPServi		CODE           	0E6E	0000	130
		_USBStallHandle		CODE           	0893	0000	40
		_USBDeviceTasks		CODE           	026A	0000	336
		_USBCheckStdReq		CODE           	0BD5	0000	100

../../../../Microchip/USB/usb_device.c estimated size: 2641

../../../../Microchip/USB/CDC Device Driver/usb_function_cdc.c
		_CDCTxService  		CODE           	03BA	0000	234
		_CDCInitEP     		CODE           	0917	0000	59
		_putUSBUSART   		CODE           	082D	0000	21
		_getsUSBUSART  		CODE           	0CA0	0000	104
		_USBCheckCDCReq		CODE           	0D08	0000	115

../../../../Microchip/USB/CDC Device Driver/usb_function_cdc.c estimated size: 533

