MPLINK 4.48, Linker
Linker Map File - Created Thu Oct 23 11:54:10 2014

                                 Section Info
                  Section       Type    Address   Location Size(Bytes)
                ---------  ---------  ---------  ---------  ---------
               _entry_scn       code   0x000000    program   0x000006
    HIGH_INTERRUPT_VECTOR       code   0x000008    program   0x000006
     LOW_INTERRUPT_VECTOR       code   0x000018    program   0x000006
    REMAPPED_RESET_VECTOR       code   0x001000    program   0x000006
      AppSignatureSection    romdata   0x001006    program   0x000002
REMAPPED_HIGH_INTERRUPT_VECTOR       code   0x001008    program   0x000006
AppVersionAndSignatureSection    romdata   0x001016    program   0x000002
REMAPPED_LOW_INTERRUPT_VECTOR       code   0x001018    program   0x000006
                   .cinit    romdata   0x00102a    program   0x00000e
       .code_usb_device.o       code   0x001038    program   0x000cf2
         .code_vfprintf.o       code   0x001d2a    program   0x000c22
             .code_main.o       code   0x00294c    program   0x000688
 .code_usb_function_cdc.o       code   0x002fd4    program   0x0003da
                   STDLIB       code   0x0033ae    program   0x0000ea
.romdata_usb_descriptors.o    romdata   0x003498    program   0x0000c1
      .romdata_i2c_idle.o    romdata   0x003559    program   0x000000
      .romdata_i2c_clos.o    romdata   0x003559    program   0x000000
      .romdata_fxd3232u.o    romdata   0x003559    program   0x000000
      .idata_i2c_open.o_i    romdata   0x003559    program   0x000000
        .idata_t2open.o_i    romdata   0x003559    program   0x000000
        .romdata_t2open.o    romdata   0x003559    program   0x000000
      .idata_i2c_read.o_i    romdata   0x003559    program   0x000000
      .idata_pw1setdc.o_i    romdata   0x003559    program   0x000000
      .romdata_pw1setdc.o    romdata   0x003559    program   0x000000
      .idata_pw2setdc.o_i    romdata   0x003559    program   0x000000
      .romdata_pw2setdc.o    romdata   0x003559    program   0x000000
        .idata___init.o_i    romdata   0x003559    program   0x000000
      .romdata_i2c_writ.o    romdata   0x003559    program   0x000000
      .romdata_i2c_puts.o    romdata   0x003559    program   0x000000
    .romdata__user_putc.o    romdata   0x003559    program   0x000000
          .romdata_putc.o    romdata   0x003559    program   0x000000
          .idata_putc.o_i    romdata   0x003559    program   0x000000
       .idata_fxm3232.o_i    romdata   0x003559    program   0x000000
      .idata_i2c_gets.o_i    romdata   0x003559    program   0x000000
      .idata_vfprintf.o_i    romdata   0x003559    program   0x000000
         .idata_c018i.o_i    romdata   0x003559    program   0x000000
.romdata_usb_function_cdc.o    romdata   0x003559    program   0x000000
    .idata_usb_device.o_i    romdata   0x003559    program   0x000000
            .code_c018i.o       code   0x00355a    program   0x000000
          .code_sprintf.o       code   0x00355a    program   0x0000ac
               _cinit_scn       code   0x003606    program   0x00009e
                   STRING       code   0x0036a4    program   0x00009a
             .code_putc.o       code   0x00373e    program   0x000084
          .code_pw2open.o       code   0x0037c2    program   0x000076
         .code_i2c_puts.o       code   0x003838    program   0x000076
         .code_i2c_gets.o       code   0x0038ae    program   0x000076
         .code_i2c_writ.o       code   0x003924    program   0x000072
          .code_fxm3232.o       code   0x003996    program   0x000070
         .code_pw2setdc.o       code   0x003a06    program   0x00005e
         .code_pw1setdc.o       code   0x003a64    program   0x00005e
                     PROG       code   0x003ac2    program   0x00005a
         .code_fxd3232u.o       code   0x003b1c    program   0x000048
           .code_t2open.o       code   0x003b64    program   0x000036
         .code_i2c_open.o       code   0x003b9a    program   0x000036
          .code_pw1open.o       code   0x003bd0    program   0x000030
             D10KTCYXCODE       code   0x003c00    program   0x00002e
                    CTYPE       code   0x003c2e    program   0x000024
                    .code       code   0x003c52    program   0x000020
             .stringtable    romdata   0x003c72    program   0x00001e
             _startup_scn       code   0x003c90    program   0x00001c
                    STDIO       code   0x003cac    program   0x00001c
         .code_i2c_read.o       code   0x003cc8    program   0x00001a
              D10TCYXCODE       code   0x003ce2    program   0x000016
      .romdata_vfprintf.o    romdata   0x003cf8    program   0x000011
    .idata__user_putc.o_i    romdata   0x003d09    program   0x000000
      .idata_i2c_puts.o_i    romdata   0x003d09    program   0x000000
      .idata_i2c_writ.o_i    romdata   0x003d09    program   0x000000
         .romdata_c018i.o    romdata   0x003d09    program   0x000000
      .idata_i2c_idle.o_i    romdata   0x003d09    program   0x000000
.idata_usb_function_cdc.o_i    romdata   0x003d09    program   0x000000
       .idata_sprintf.o_i    romdata   0x003d09    program   0x000000
       .romdata_sprintf.o    romdata   0x003d09    program   0x000000
    .romdata_usb_device.o    romdata   0x003d09    program   0x000000
       .romdata_fxm3232.o    romdata   0x003d09    program   0x000000
.idata_usb_descriptors.o_i    romdata   0x003d09    program   0x000000
      .idata_i2c_clos.o_i    romdata   0x003d09    program   0x000000
      .idata_fxd3232u.o_i    romdata   0x003d09    program   0x000000
      .romdata_i2c_open.o    romdata   0x003d09    program   0x000000
       .idata_pw1open.o_i    romdata   0x003d09    program   0x000000
       .romdata_pw1open.o    romdata   0x003d09    program   0x000000
       .idata_pw2open.o_i    romdata   0x003d09    program   0x000000
       .romdata_pw2open.o    romdata   0x003d09    program   0x000000
      .romdata_i2c_read.o    romdata   0x003d09    program   0x000000
      .romdata_i2c_gets.o    romdata   0x003d09    program   0x000000
          .romdata_main.o    romdata   0x003d09    program   0x000000
        .romdata___init.o    romdata   0x003d09    program   0x000000
         .code_i2c_idle.o       code   0x003d0a    program   0x00000e
  .code_usb_descriptors.o       code   0x003d0a    program   0x000000
         .code_i2c_clos.o       code   0x003d18    program   0x000004
       .code__user_putc.o       code   0x003d1c    program   0x000002
           .code___init.o       code   0x003d1e    program   0x000002
          .idata_main.o_i    romdata   0x003d20    program   0x000073
    .config_300000_main.o    romdata   0x300000    program   0x000001
    .config_300001_main.o    romdata   0x300001    program   0x000001
    .config_300002_main.o    romdata   0x300002    program   0x000001
    .config_300003_main.o    romdata   0x300003    program   0x000001
    .config_300005_main.o    romdata   0x300005    program   0x000001
    .config_300006_main.o    romdata   0x300006    program   0x000001
    .config_300008_main.o    romdata   0x300008    program   0x000001
    .config_300009_main.o    romdata   0x300009    program   0x000001
    .config_30000a_main.o    romdata   0x30000a    program   0x000001
    .config_30000b_main.o    romdata   0x30000b    program   0x000001
    .config_30000c_main.o    romdata   0x30000c    program   0x000001
    .config_30000d_main.o    romdata   0x30000d    program   0x000001
                MATH_DATA      udata   0x000000       data   0x000014
                 .tmpdata      udata   0x000014       data   0x000008
                DELAYDAT2      udata   0x00001c       data   0x000001
                DELAYDAT1      udata   0x00001d       data   0x000001
            .udata_main.o      udata   0x000060       data   0x000087
.udata_usb_function_cdc.o      udata   0x0000e7       data   0x000019
            .idata_main.o      idata   0x000100       data   0x000073
      .udata_usb_device.o      udata   0x000173       data   0x000035
           .udata_c018i.o      udata   0x0001a8       data   0x00000a
        .udata_pw2setdc.o      udata   0x0001b2       data   0x000000
        .idata_pw2setdc.o      idata   0x0001b2       data   0x000000
          .udata___init.o      udata   0x0001b2       data   0x000000
          .idata___init.o      idata   0x0001b2       data   0x000000
        .udata_i2c_gets.o      udata   0x0001b2       data   0x000000
        .idata_i2c_gets.o      idata   0x0001b2       data   0x000000
        .udata_i2c_puts.o      udata   0x0001b2       data   0x000000
        .idata_i2c_puts.o      idata   0x0001b2       data   0x000000
        .udata_i2c_writ.o      udata   0x0001b2       data   0x000000
        .idata_pw1setdc.o      idata   0x0001b2       data   0x000000
        .idata_i2c_writ.o      idata   0x0001b2       data   0x000000
        .udata_i2c_idle.o      udata   0x0001b2       data   0x000000
        .idata_i2c_idle.o      idata   0x0001b2       data   0x000000
         .udata_sprintf.o      udata   0x0001b2       data   0x000000
         .idata_sprintf.o      idata   0x0001b2       data   0x000000
        .udata_vfprintf.o      udata   0x0001b2       data   0x000000
        .idata_vfprintf.o      idata   0x0001b2       data   0x000000
         .udata_fxm3232.o      udata   0x0001b2       data   0x000000
         .idata_fxm3232.o      idata   0x0001b2       data   0x000000
            .udata_putc.o      udata   0x0001b2       data   0x000000
            .idata_putc.o      idata   0x0001b2       data   0x000000
      .udata__user_putc.o      udata   0x0001b2       data   0x000000
      .idata__user_putc.o      idata   0x0001b2       data   0x000000
           .idata_c018i.o      idata   0x0001b2       data   0x000000
      .idata_usb_device.o      idata   0x0001b2       data   0x000000
.idata_usb_function_cdc.o      idata   0x0001b2       data   0x000000
 .udata_usb_descriptors.o      udata   0x0001b2       data   0x000000
 .idata_usb_descriptors.o      idata   0x0001b2       data   0x000000
        .udata_i2c_clos.o      udata   0x0001b2       data   0x000000
        .idata_i2c_clos.o      idata   0x0001b2       data   0x000000
        .udata_fxd3232u.o      udata   0x0001b2       data   0x000000
        .idata_fxd3232u.o      idata   0x0001b2       data   0x000000
        .udata_i2c_open.o      udata   0x0001b2       data   0x000000
        .idata_i2c_open.o      idata   0x0001b2       data   0x000000
         .udata_pw1open.o      udata   0x0001b2       data   0x000000
         .idata_pw1open.o      idata   0x0001b2       data   0x000000
         .udata_pw2open.o      udata   0x0001b2       data   0x000000
         .idata_pw2open.o      idata   0x0001b2       data   0x000000
          .udata_t2open.o      udata   0x0001b2       data   0x000000
          .idata_t2open.o      idata   0x0001b2       data   0x000000
        .udata_i2c_read.o      udata   0x0001b2       data   0x000000
        .idata_i2c_read.o      idata   0x0001b2       data   0x000000
        .udata_pw1setdc.o      udata   0x0001b2       data   0x000000
                   .stack      udata   0x000300       data   0x000100
                  USB_BDT      udata   0x000400       data   0x000040
            USB_VARIABLES      udata   0x000500       data   0x000091
            SFR_UNBANKED0      udata   0x000f62       data   0x00009e



                              Program Memory Usage 
                               Start         End      
                           ---------   ---------      
                            0x000000    0x000005      
                            0x000008    0x00000d      
                            0x000018    0x00001d      
                            0x001000    0x00100d      
                            0x001016    0x00101d      
                            0x00102a    0x003558      
                            0x00355a    0x003d08      
                            0x003d0a    0x003d92      
                            0x300000    0x300003      
                            0x300005    0x300006      
                            0x300008    0x30000d      
            11675 out of 33048 program addresses used, program memory utilization is 35%



                              Symbols - Sorted by Name
                     Name    Address   Location    Storage File                     
                ---------  ---------  ---------  --------- ---------                
               AppVersion   0x001016    program     extern /Users/Leonardo/Documents/Microntrolador PIC/Slave i2c/exemplo usb_cdc 1/USB/Device - CDC/Firmware/main.c
                CDCInitEP   0x003074    program     extern /Users/Leonardo/Documents/Microntrolador PIC/Slave i2c/exemplo usb_cdc 1/USB/Device - CDC/Firmware/usb_function_cdc.c
             CDCTxService   0x00320c    program     extern /Users/Leonardo/Documents/Microntrolador PIC/Slave i2c/exemplo usb_cdc 1/USB/Device - CDC/Firmware/usb_function_cdc.c
                 CloseI2C   0x003d18    program     extern E:\c18v3.46\pic18-lt\cxx-framework\src\pmc_common\i2c\i2c_clos.c
                   D10K_1   0x003c0c    program     static E:\c18v3.46\pic18-lt\cxx-framework\src\traditional\delays\d10ktcyx.asm
                    D10Kl   0x003c18    program     static E:\c18v3.46\pic18-lt\cxx-framework\src\traditional\delays\d10ktcyx.asm
                    D10Kx   0x003c0a    program     static E:\c18v3.46\pic18-lt\cxx-framework\src\traditional\delays\d10ktcyx.asm
                    D10_1   0x003cf2    program     static E:\c18v3.46\pic18-lt\cxx-framework\src\traditional\delays\d10tcyx.asm
                     D10x   0x003cea    program     static E:\c18v3.46\pic18-lt\cxx-framework\src\traditional\delays\d10tcyx.asm
             Delay10KTCYx   0x003c00    program     extern E:\c18v3.46\pic18-lt\cxx-framework\src\traditional\delays\d10ktcyx.asm
              Delay10TCYx   0x003ce2    program     extern E:\c18v3.46\pic18-lt\cxx-framework\src\traditional\delays\d10tcyx.asm
                 FXD3232U   0x003b1c    program     extern E:\c18v3.46\pic18-lt\cxx-framework\src\traditional\math\fxd3232u.c
                 FXM1616S   0x003ac2    program     extern E:\c18v3.46\pic18-lt\cxx-framework\src\traditional\math\fxm1616s.asm
                  FXM3232   0x003996    program     extern E:\c18v3.46\pic18-lt\cxx-framework\src\traditional\math\fxm3232.c
                 High_ISR   0x000008    program     extern /Users/Leonardo/Documents/Microntrolador PIC/Slave i2c/exemplo usb_cdc 1/USB/Device - CDC/Firmware/main.c
                  IdleI2C   0x003d0a    program     extern E:\c18v3.46\pic18-lt\cxx-framework\src\pmc_common\i2c\i2c_idle.c
          InitializeUSART   0x0029aa    program     extern /Users/Leonardo/Documents/Microntrolador PIC/Slave i2c/exemplo usb_cdc 1/USB/Device - CDC/Firmware/main.c
                  Low_ISR   0x000018    program     extern /Users/Leonardo/Documents/Microntrolador PIC/Slave i2c/exemplo usb_cdc 1/USB/Device - CDC/Firmware/main.c
                  OpenI2C   0x003b9a    program     extern E:\c18v3.46\pic18-lt\cxx-framework\src\pmc_common\i2c\i2c_open.c
                 OpenPWM1   0x003bd0    program     extern E:\c18v3.46\pic18-lt\cxx-framework\src\pmc_common\PWM\pw1open.c
         OpenPWM1ConfigIO   0x003bfc    program     extern E:\c18v3.46\pic18-lt\cxx-framework\src\pmc_common\PWM\pw1open.c
                 OpenPWM2   0x0037c2    program     extern E:\c18v3.46\pic18-lt\cxx-framework\src\pmc_common\PWM\pw2open.c
               OpenTimer2   0x003b64    program     extern E:\c18v3.46\pic18-lt\cxx-framework\src\pmc_common\Timers\t2open.c
                  ReadI2C   0x003cc8    program     extern E:\c18v3.46\pic18-lt\cxx-framework\src\pmc_common\i2c\i2c_read.c
        Remapped_High_ISR   0x001008    program     extern /Users/Leonardo/Documents/Microntrolador PIC/Slave i2c/exemplo usb_cdc 1/USB/Device - CDC/Firmware/main.c
         Remapped_Low_ISR   0x001018    program     extern /Users/Leonardo/Documents/Microntrolador PIC/Slave i2c/exemplo usb_cdc 1/USB/Device - CDC/Firmware/main.c
                SetDCPWM1   0x003a64    program     extern E:\c18v3.46\pic18-lt\cxx-framework\src\pmc_common\PWM\pw1setdc.c
                SetDCPWM2   0x003a06    program     extern E:\c18v3.46\pic18-lt\cxx-framework\src\pmc_common\PWM\pw2setdc.c
     SignaturePlaceholder   0x001006    program     extern /Users/Leonardo/Documents/Microntrolador PIC/Slave i2c/exemplo usb_cdc 1/USB/Device - CDC/Firmware/main.c
               TSIGN1616A   0x003b0e    program     static E:\c18v3.46\pic18-lt\cxx-framework\src\traditional\math\fxm1616s.asm
       USBCBCheckOtherReq   0x002a9e    program     extern /Users/Leonardo/Documents/Microntrolador PIC/Slave i2c/exemplo usb_cdc 1/USB/Device - CDC/Firmware/main.c
        USBCBErrorHandler   0x002a9c    program     extern /Users/Leonardo/Documents/Microntrolador PIC/Slave i2c/exemplo usb_cdc 1/USB/Device - CDC/Firmware/main.c
              USBCBInitEP   0x002aa4    program     extern /Users/Leonardo/Documents/Microntrolador PIC/Slave i2c/exemplo usb_cdc 1/USB/Device - CDC/Firmware/main.c
          USBCBSendResume   0x002aa8    program     extern /Users/Leonardo/Documents/Microntrolador PIC/Slave i2c/exemplo usb_cdc 1/USB/Device - CDC/Firmware/main.c
    USBCBStdSetDscHandler   0x002aa2    program     extern /Users/Leonardo/Documents/Microntrolador PIC/Slave i2c/exemplo usb_cdc 1/USB/Device - CDC/Firmware/main.c
             USBCBSuspend   0x002a96    program     extern /Users/Leonardo/Documents/Microntrolador PIC/Slave i2c/exemplo usb_cdc 1/USB/Device - CDC/Firmware/main.c
     USBCBWakeFromSuspend   0x002a98    program     extern /Users/Leonardo/Documents/Microntrolador PIC/Slave i2c/exemplo usb_cdc 1/USB/Device - CDC/Firmware/main.c
        USBCB_SOF_Handler   0x002a9a    program     extern /Users/Leonardo/Documents/Microntrolador PIC/Slave i2c/exemplo usb_cdc 1/USB/Device - CDC/Firmware/main.c
       USBCDCEventHandler   0x0030b8    program     extern /Users/Leonardo/Documents/Microntrolador PIC/Slave i2c/exemplo usb_cdc 1/USB/Device - CDC/Firmware/usb_function_cdc.c
              USBCancelIO   0x001336    program     extern /Users/Leonardo/Documents/Microntrolador PIC/Slave i2c/exemplo usb_cdc 1/Microchip/USB/usb_device.c
       USBCheckCDCRequest   0x002fd4    program     extern /Users/Leonardo/Documents/Microntrolador PIC/Slave i2c/exemplo usb_cdc 1/USB/Device - CDC/Firmware/usb_function_cdc.c
       USBCheckStdRequest   0x0018f6    program     static /Users/Leonardo/Documents/Microntrolador PIC/Slave i2c/exemplo usb_cdc 1/Microchip/USB/usb_device.c
     USBConfigureEndpoint   0x0013f4    program     static /Users/Leonardo/Documents/Microntrolador PIC/Slave i2c/exemplo usb_cdc 1/Microchip/USB/usb_device.c
  USBCtrlEPAllowDataStage   0x0013b6    program     extern /Users/Leonardo/Documents/Microntrolador PIC/Slave i2c/exemplo usb_cdc 1/Microchip/USB/usb_device.c
USBCtrlEPAllowStatusStage   0x00136a    program     extern /Users/Leonardo/Documents/Microntrolador PIC/Slave i2c/exemplo usb_cdc 1/Microchip/USB/usb_device.c
         USBCtrlEPService   0x0017a0    program     static /Users/Leonardo/Documents/Microntrolador PIC/Slave i2c/exemplo usb_cdc 1/Microchip/USB/usb_device.c
 USBCtrlEPServiceComplete   0x001450    program     static /Users/Leonardo/Documents/Microntrolador PIC/Slave i2c/exemplo usb_cdc 1/Microchip/USB/usb_device.c
      USBCtrlTrfInHandler   0x001882    program     static /Users/Leonardo/Documents/Microntrolador PIC/Slave i2c/exemplo usb_cdc 1/Microchip/USB/usb_device.c
     USBCtrlTrfOutHandler   0x001864    program     static /Users/Leonardo/Documents/Microntrolador PIC/Slave i2c/exemplo usb_cdc 1/Microchip/USB/usb_device.c
      USBCtrlTrfRxService   0x00152a    program     static /Users/Leonardo/Documents/Microntrolador PIC/Slave i2c/exemplo usb_cdc 1/Microchip/USB/usb_device.c
   USBCtrlTrfSetupHandler   0x00182e    program     static /Users/Leonardo/Documents/Microntrolador PIC/Slave i2c/exemplo usb_cdc 1/Microchip/USB/usb_device.c
      USBCtrlTrfTxService   0x0014aa    program     static /Users/Leonardo/Documents/Microntrolador PIC/Slave i2c/exemplo usb_cdc 1/Microchip/USB/usb_device.c
            USBDeviceInit   0x001038    program     extern /Users/Leonardo/Documents/Microntrolador PIC/Slave i2c/exemplo usb_cdc 1/Microchip/USB/usb_device.c
           USBDeviceTasks   0x0010fc    program     extern /Users/Leonardo/Documents/Microntrolador PIC/Slave i2c/exemplo usb_cdc 1/Microchip/USB/usb_device.c
        USBEnableEndpoint   0x001232    program     extern /Users/Leonardo/Documents/Microntrolador PIC/Slave i2c/exemplo usb_cdc 1/Microchip/USB/usb_device.c
         USBStallEndpoint   0x001306    program     extern /Users/Leonardo/Documents/Microntrolador PIC/Slave i2c/exemplo usb_cdc 1/Microchip/USB/usb_device.c
          USBStallHandler   0x001754    program     static /Users/Leonardo/Documents/Microntrolador PIC/Slave i2c/exemplo usb_cdc 1/Microchip/USB/usb_device.c
  USBStdFeatureReqHandler   0x00199e    program     static /Users/Leonardo/Documents/Microntrolador PIC/Slave i2c/exemplo usb_cdc 1/Microchip/USB/usb_device.c
      USBStdGetDscHandler   0x001664    program     static /Users/Leonardo/Documents/Microntrolador PIC/Slave i2c/exemplo usb_cdc 1/Microchip/USB/usb_device.c
   USBStdGetStatusHandler   0x0016de    program     static /Users/Leonardo/Documents/Microntrolador PIC/Slave i2c/exemplo usb_cdc 1/Microchip/USB/usb_device.c
      USBStdSetCfgHandler   0x0015f2    program     static /Users/Leonardo/Documents/Microntrolador PIC/Slave i2c/exemplo usb_cdc 1/Microchip/USB/usb_device.c
               USBSuspend   0x001774    program     static /Users/Leonardo/Documents/Microntrolador PIC/Slave i2c/exemplo usb_cdc 1/Microchip/USB/usb_device.c
     USBTransferOnePacket   0x00127a    program     extern /Users/Leonardo/Documents/Microntrolador PIC/Slave i2c/exemplo usb_cdc 1/Microchip/USB/usb_device.c
       USBWakeFromSuspend   0x001788    program     static /Users/Leonardo/Documents/Microntrolador PIC/Slave i2c/exemplo usb_cdc 1/Microchip/USB/usb_device.c
               USB_CD_Ptr   0x003551    program     extern /Users/Leonardo/Documents/Microntrolador PIC/Slave i2c/exemplo usb_cdc 1/USB/Device - CDC/Firmware/usb_descriptors.c
               USB_SD_Ptr   0x003553    program     extern /Users/Leonardo/Documents/Microntrolador PIC/Slave i2c/exemplo usb_cdc 1/USB/Device - CDC/Firmware/usb_descriptors.c
USER_USB_CALLBACK_EVENT_HANDLER   0x002aec    program     extern /Users/Leonardo/Documents/Microntrolador PIC/Slave i2c/exemplo usb_cdc 1/USB/Device - CDC/Firmware/main.c
                 UserInit   0x002972    program     extern /Users/Leonardo/Documents/Microntrolador PIC/Slave i2c/exemplo usb_cdc 1/USB/Device - CDC/Firmware/main.c
                 WriteI2C   0x003924    program     extern E:\c18v3.46\pic18-lt\cxx-framework\src\pmc_common\i2c\i2c_writ.c
  YourHighPriorityISRCode   0x00294c    program     extern /Users/Leonardo/Documents/Microntrolador PIC/Slave i2c/exemplo usb_cdc 1/USB/Device - CDC/Firmware/main.c
   YourLowPriorityISRCode   0x002950    program     extern /Users/Leonardo/Documents/Microntrolador PIC/Slave i2c/exemplo usb_cdc 1/USB/Device - CDC/Firmware/main.c
              _2jContinue   0x0036c4    program     static E:\c18v3.46\pic18-lt\cxx-framework\src\traditional\stdclib\memset.asm
                   _2jEnd   0x003728    program     static E:\c18v3.46\pic18-lt\cxx-framework\src\traditional\stdclib\slenpgm.asm
                   _3jEnd   0x0036ce    program     static E:\c18v3.46\pic18-lt\cxx-framework\src\traditional\stdclib\memset.asm
       _D10KTCYXCODE_0010   0x003c10    program     static E:\c18v3.46\pic18-lt\cxx-framework\src\traditional\delays\d10ktcyx.asm
       _D10KTCYXCODE_001C   0x003c1c    program     static E:\c18v3.46\pic18-lt\cxx-framework\src\traditional\delays\d10ktcyx.asm
        _D10TCYXCODE_000A   0x003cec    program     static E:\c18v3.46\pic18-lt\cxx-framework\src\traditional\delays\d10tcyx.asm
        _D10TCYXCODE_000C   0x003cee    program     static E:\c18v3.46\pic18-lt\cxx-framework\src\traditional\delays\d10tcyx.asm
        _D10TCYXCODE_000E   0x003cf0    program     static E:\c18v3.46\pic18-lt\cxx-framework\src\traditional\delays\d10tcyx.asm
         ___else_lbl00002   0x0037fe    program     static                          
         ___else_lbl00004   0x00380c    program     static                          
           ___if_lbl00001   0x003802    program     static                          
           ___if_lbl00003   0x00380e    program     static                          
       ___return_lbl00000   0x003a04    program     static                          
       ___return_lbl00000   0x000004    program     static                          
       ___return_lbl00000   0x00000c    program     static                          
       ___return_lbl00000   0x003820    program     static                          
       ___return_lbl00000   0x003b62    program     static                          
       ___return_lbl00001   0x00001c    program     static                          
       ___return_lbl00001   0x003caa    program     static                          
       ___return_lbl00002   0x001004    program     static                          
       ___return_lbl00002   0x0036a2    program     static                          
       ___return_lbl00003   0x00100c    program     static                          
       ___return_lbl00004   0x00101c    program     static                          
               __config_0   0x300000    program     static /Users/Leonardo/Documents/Microntrolador PIC/Slave i2c/exemplo usb_cdc 1/USB/Device - CDC/Firmware/main.c
               __config_1   0x300001    program     static /Users/Leonardo/Documents/Microntrolador PIC/Slave i2c/exemplo usb_cdc 1/USB/Device - CDC/Firmware/main.c
              __config_10   0x30000c    program     static /Users/Leonardo/Documents/Microntrolador PIC/Slave i2c/exemplo usb_cdc 1/USB/Device - CDC/Firmware/main.c
              __config_11   0x30000d    program     static /Users/Leonardo/Documents/Microntrolador PIC/Slave i2c/exemplo usb_cdc 1/USB/Device - CDC/Firmware/main.c
               __config_2   0x300002    program     static /Users/Leonardo/Documents/Microntrolador PIC/Slave i2c/exemplo usb_cdc 1/USB/Device - CDC/Firmware/main.c
               __config_3   0x300003    program     static /Users/Leonardo/Documents/Microntrolador PIC/Slave i2c/exemplo usb_cdc 1/USB/Device - CDC/Firmware/main.c
               __config_4   0x300005    program     static /Users/Leonardo/Documents/Microntrolador PIC/Slave i2c/exemplo usb_cdc 1/USB/Device - CDC/Firmware/main.c
               __config_5   0x300006    program     static /Users/Leonardo/Documents/Microntrolador PIC/Slave i2c/exemplo usb_cdc 1/USB/Device - CDC/Firmware/main.c
               __config_6   0x300008    program     static /Users/Leonardo/Documents/Microntrolador PIC/Slave i2c/exemplo usb_cdc 1/USB/Device - CDC/Firmware/main.c
               __config_7   0x300009    program     static /Users/Leonardo/Documents/Microntrolador PIC/Slave i2c/exemplo usb_cdc 1/USB/Device - CDC/Firmware/main.c
               __config_8   0x30000a    program     static /Users/Leonardo/Documents/Microntrolador PIC/Slave i2c/exemplo usb_cdc 1/USB/Device - CDC/Firmware/main.c
               __config_9   0x30000b    program     static /Users/Leonardo/Documents/Microntrolador PIC/Slave i2c/exemplo usb_cdc 1/USB/Device - CDC/Firmware/main.c
                   __init   0x003d1e    program     extern E:\c18v3.46\pic18-lt\cxx-framework\src\traditional\stdclib\__init.c
                   __pa_0   0x002f46    program     static /Users/Leonardo/Documents/Microntrolador PIC/Slave i2c/exemplo usb_cdc 1/USB/Device - CDC/Firmware/main.c
                   __pa_0   0x00389e    program     static E:\c18v3.46\pic18-lt\cxx-framework\src\pmc_common\i2c\i2c_puts.c
                   __pa_0   0x00266a    program     static E:\c18v3.46\pic18-lt\cxx-framework\src\traditional\stdclib\vfprintf.c
                   __pa_0   0x0032e6    program     static /Users/Leonardo/Documents/Microntrolador PIC/Slave i2c/exemplo usb_cdc 1/USB/Device - CDC/Firmware/usb_function_cdc.c
                   __pa_0   0x001ac8    program     static /Users/Leonardo/Documents/Microntrolador PIC/Slave i2c/exemplo usb_cdc 1/Microchip/USB/usb_device.c
                   __pa_1   0x003300    program     static /Users/Leonardo/Documents/Microntrolador PIC/Slave i2c/exemplo usb_cdc 1/USB/Device - CDC/Firmware/usb_function_cdc.c
                   __pa_1   0x002672    program     static E:\c18v3.46\pic18-lt\cxx-framework\src\traditional\stdclib\vfprintf.c
                   __pa_1   0x001ad0    program     static /Users/Leonardo/Documents/Microntrolador PIC/Slave i2c/exemplo usb_cdc 1/Microchip/USB/usb_device.c
                   __pa_1   0x002f50    program     static /Users/Leonardo/Documents/Microntrolador PIC/Slave i2c/exemplo usb_cdc 1/USB/Device - CDC/Firmware/main.c
                  __pa_10   0x003382    program     static /Users/Leonardo/Documents/Microntrolador PIC/Slave i2c/exemplo usb_cdc 1/USB/Device - CDC/Firmware/usb_function_cdc.c
                  __pa_10   0x002fca    program     static /Users/Leonardo/Documents/Microntrolador PIC/Slave i2c/exemplo usb_cdc 1/USB/Device - CDC/Firmware/main.c
                  __pa_10   0x002726    program     static E:\c18v3.46\pic18-lt\cxx-framework\src\traditional\stdclib\vfprintf.c
                  __pa_10   0x001b2e    program     static /Users/Leonardo/Documents/Microntrolador PIC/Slave i2c/exemplo usb_cdc 1/Microchip/USB/usb_device.c
                  __pa_11   0x001b3e    program     static /Users/Leonardo/Documents/Microntrolador PIC/Slave i2c/exemplo usb_cdc 1/Microchip/USB/usb_device.c
                  __pa_11   0x002734    program     static E:\c18v3.46\pic18-lt\cxx-framework\src\traditional\stdclib\vfprintf.c
                  __pa_11   0x003394    program     static /Users/Leonardo/Documents/Microntrolador PIC/Slave i2c/exemplo usb_cdc 1/USB/Device - CDC/Firmware/usb_function_cdc.c
                  __pa_12   0x001b48    program     static /Users/Leonardo/Documents/Microntrolador PIC/Slave i2c/exemplo usb_cdc 1/Microchip/USB/usb_device.c
                  __pa_12   0x00274a    program     static E:\c18v3.46\pic18-lt\cxx-framework\src\traditional\stdclib\vfprintf.c
                  __pa_12   0x0033a2    program     static /Users/Leonardo/Documents/Microntrolador PIC/Slave i2c/exemplo usb_cdc 1/USB/Device - CDC/Firmware/usb_function_cdc.c
                  __pa_13   0x001b5c    program     static /Users/Leonardo/Documents/Microntrolador PIC/Slave i2c/exemplo usb_cdc 1/Microchip/USB/usb_device.c
                  __pa_13   0x002764    program     static E:\c18v3.46\pic18-lt\cxx-framework\src\traditional\stdclib\vfprintf.c
                  __pa_14   0x00277c    program     static E:\c18v3.46\pic18-lt\cxx-framework\src\traditional\stdclib\vfprintf.c
                  __pa_14   0x001b70    program     static /Users/Leonardo/Documents/Microntrolador PIC/Slave i2c/exemplo usb_cdc 1/Microchip/USB/usb_device.c
                  __pa_15   0x00278c    program     static E:\c18v3.46\pic18-lt\cxx-framework\src\traditional\stdclib\vfprintf.c
                  __pa_15   0x001b7c    program     static /Users/Leonardo/Documents/Microntrolador PIC/Slave i2c/exemplo usb_cdc 1/Microchip/USB/usb_device.c
                  __pa_16   0x0027a2    program     static E:\c18v3.46\pic18-lt\cxx-framework\src\traditional\stdclib\vfprintf.c
                  __pa_16   0x001b96    program     static /Users/Leonardo/Documents/Microntrolador PIC/Slave i2c/exemplo usb_cdc 1/Microchip/USB/usb_device.c
                  __pa_17   0x0027b4    program     static E:\c18v3.46\pic18-lt\cxx-framework\src\traditional\stdclib\vfprintf.c
                  __pa_17   0x001ba2    program     static /Users/Leonardo/Documents/Microntrolador PIC/Slave i2c/exemplo usb_cdc 1/Microchip/USB/usb_device.c
                  __pa_18   0x0027c6    program     static E:\c18v3.46\pic18-lt\cxx-framework\src\traditional\stdclib\vfprintf.c
                  __pa_18   0x001bae    program     static /Users/Leonardo/Documents/Microntrolador PIC/Slave i2c/exemplo usb_cdc 1/Microchip/USB/usb_device.c
                  __pa_19   0x001bb6    program     static /Users/Leonardo/Documents/Microntrolador PIC/Slave i2c/exemplo usb_cdc 1/Microchip/USB/usb_device.c
                  __pa_19   0x0027d0    program     static E:\c18v3.46\pic18-lt\cxx-framework\src\traditional\stdclib\vfprintf.c
                   __pa_2   0x003310    program     static /Users/Leonardo/Documents/Microntrolador PIC/Slave i2c/exemplo usb_cdc 1/USB/Device - CDC/Firmware/usb_function_cdc.c
                   __pa_2   0x001ada    program     static /Users/Leonardo/Documents/Microntrolador PIC/Slave i2c/exemplo usb_cdc 1/Microchip/USB/usb_device.c
                   __pa_2   0x002f58    program     static /Users/Leonardo/Documents/Microntrolador PIC/Slave i2c/exemplo usb_cdc 1/USB/Device - CDC/Firmware/main.c
                   __pa_2   0x00267c    program     static E:\c18v3.46\pic18-lt\cxx-framework\src\traditional\stdclib\vfprintf.c
                  __pa_20   0x0027e0    program     static E:\c18v3.46\pic18-lt\cxx-framework\src\traditional\stdclib\vfprintf.c
                  __pa_20   0x001bbe    program     static /Users/Leonardo/Documents/Microntrolador PIC/Slave i2c/exemplo usb_cdc 1/Microchip/USB/usb_device.c
                  __pa_21   0x0027f0    program     static E:\c18v3.46\pic18-lt\cxx-framework\src\traditional\stdclib\vfprintf.c
                  __pa_21   0x001bca    program     static /Users/Leonardo/Documents/Microntrolador PIC/Slave i2c/exemplo usb_cdc 1/Microchip/USB/usb_device.c
                  __pa_22   0x002800    program     static E:\c18v3.46\pic18-lt\cxx-framework\src\traditional\stdclib\vfprintf.c
                  __pa_22   0x001bda    program     static /Users/Leonardo/Documents/Microntrolador PIC/Slave i2c/exemplo usb_cdc 1/Microchip/USB/usb_device.c
                  __pa_23   0x00280c    program     static E:\c18v3.46\pic18-lt\cxx-framework\src\traditional\stdclib\vfprintf.c
                  __pa_23   0x001bea    program     static /Users/Leonardo/Documents/Microntrolador PIC/Slave i2c/exemplo usb_cdc 1/Microchip/USB/usb_device.c
                  __pa_24   0x001bf8    program     static /Users/Leonardo/Documents/Microntrolador PIC/Slave i2c/exemplo usb_cdc 1/Microchip/USB/usb_device.c
                  __pa_24   0x00281a    program     static E:\c18v3.46\pic18-lt\cxx-framework\src\traditional\stdclib\vfprintf.c
                  __pa_25   0x001c06    program     static /Users/Leonardo/Documents/Microntrolador PIC/Slave i2c/exemplo usb_cdc 1/Microchip/USB/usb_device.c
                  __pa_25   0x002822    program     static E:\c18v3.46\pic18-lt\cxx-framework\src\traditional\stdclib\vfprintf.c
                  __pa_26   0x001c14    program     static /Users/Leonardo/Documents/Microntrolador PIC/Slave i2c/exemplo usb_cdc 1/Microchip/USB/usb_device.c
                  __pa_26   0x00282c    program     static E:\c18v3.46\pic18-lt\cxx-framework\src\traditional\stdclib\vfprintf.c
                  __pa_27   0x001c22    program     static /Users/Leonardo/Documents/Microntrolador PIC/Slave i2c/exemplo usb_cdc 1/Microchip/USB/usb_device.c
                  __pa_27   0x002836    program     static E:\c18v3.46\pic18-lt\cxx-framework\src\traditional\stdclib\vfprintf.c
                  __pa_28   0x00283e    program     static E:\c18v3.46\pic18-lt\cxx-framework\src\traditional\stdclib\vfprintf.c
                  __pa_28   0x001c30    program     static /Users/Leonardo/Documents/Microntrolador PIC/Slave i2c/exemplo usb_cdc 1/Microchip/USB/usb_device.c
                  __pa_29   0x00284c    program     static E:\c18v3.46\pic18-lt\cxx-framework\src\traditional\stdclib\vfprintf.c
                  __pa_29   0x001c3a    program     static /Users/Leonardo/Documents/Microntrolador PIC/Slave i2c/exemplo usb_cdc 1/Microchip/USB/usb_device.c
                   __pa_3   0x002686    program     static E:\c18v3.46\pic18-lt\cxx-framework\src\traditional\stdclib\vfprintf.c
                   __pa_3   0x002f68    program     static /Users/Leonardo/Documents/Microntrolador PIC/Slave i2c/exemplo usb_cdc 1/USB/Device - CDC/Firmware/main.c
                   __pa_3   0x001ae2    program     static /Users/Leonardo/Documents/Microntrolador PIC/Slave i2c/exemplo usb_cdc 1/Microchip/USB/usb_device.c
                   __pa_3   0x003322    program     static /Users/Leonardo/Documents/Microntrolador PIC/Slave i2c/exemplo usb_cdc 1/USB/Device - CDC/Firmware/usb_function_cdc.c
                  __pa_30   0x002868    program     static E:\c18v3.46\pic18-lt\cxx-framework\src\traditional\stdclib\vfprintf.c
                  __pa_30   0x001c44    program     static /Users/Leonardo/Documents/Microntrolador PIC/Slave i2c/exemplo usb_cdc 1/Microchip/USB/usb_device.c
                  __pa_31   0x002882    program     static E:\c18v3.46\pic18-lt\cxx-framework\src\traditional\stdclib\vfprintf.c
                  __pa_31   0x001c5c    program     static /Users/Leonardo/Documents/Microntrolador PIC/Slave i2c/exemplo usb_cdc 1/Microchip/USB/usb_device.c
                  __pa_32   0x00289c    program     static E:\c18v3.46\pic18-lt\cxx-framework\src\traditional\stdclib\vfprintf.c
                  __pa_32   0x001c68    program     static /Users/Leonardo/Documents/Microntrolador PIC/Slave i2c/exemplo usb_cdc 1/Microchip/USB/usb_device.c
                  __pa_33   0x001c70    program     static /Users/Leonardo/Documents/Microntrolador PIC/Slave i2c/exemplo usb_cdc 1/Microchip/USB/usb_device.c
                  __pa_33   0x0028b4    program     static E:\c18v3.46\pic18-lt\cxx-framework\src\traditional\stdclib\vfprintf.c
                  __pa_34   0x0028be    program     static E:\c18v3.46\pic18-lt\cxx-framework\src\traditional\stdclib\vfprintf.c
                  __pa_34   0x001c84    program     static /Users/Leonardo/Documents/Microntrolador PIC/Slave i2c/exemplo usb_cdc 1/Microchip/USB/usb_device.c
                  __pa_35   0x0028cc    program     static E:\c18v3.46\pic18-lt\cxx-framework\src\traditional\stdclib\vfprintf.c
                  __pa_35   0x001c92    program     static /Users/Leonardo/Documents/Microntrolador PIC/Slave i2c/exemplo usb_cdc 1/Microchip/USB/usb_device.c
                  __pa_36   0x0028d4    program     static E:\c18v3.46\pic18-lt\cxx-framework\src\traditional\stdclib\vfprintf.c
                  __pa_36   0x001c9c    program     static /Users/Leonardo/Documents/Microntrolador PIC/Slave i2c/exemplo usb_cdc 1/Microchip/USB/usb_device.c
                  __pa_37   0x0028de    program     static E:\c18v3.46\pic18-lt\cxx-framework\src\traditional\stdclib\vfprintf.c
                  __pa_37   0x001ca6    program     static /Users/Leonardo/Documents/Microntrolador PIC/Slave i2c/exemplo usb_cdc 1/Microchip/USB/usb_device.c
                  __pa_38   0x0028ee    program     static E:\c18v3.46\pic18-lt\cxx-framework\src\traditional\stdclib\vfprintf.c
                  __pa_38   0x001cac    program     static /Users/Leonardo/Documents/Microntrolador PIC/Slave i2c/exemplo usb_cdc 1/Microchip/USB/usb_device.c
                  __pa_39   0x001cb4    program     static /Users/Leonardo/Documents/Microntrolador PIC/Slave i2c/exemplo usb_cdc 1/Microchip/USB/usb_device.c
                  __pa_39   0x0028fc    program     static E:\c18v3.46\pic18-lt\cxx-framework\src\traditional\stdclib\vfprintf.c
                   __pa_4   0x002f72    program     static /Users/Leonardo/Documents/Microntrolador PIC/Slave i2c/exemplo usb_cdc 1/USB/Device - CDC/Firmware/main.c
                   __pa_4   0x001aec    program     static /Users/Leonardo/Documents/Microntrolador PIC/Slave i2c/exemplo usb_cdc 1/Microchip/USB/usb_device.c
                   __pa_4   0x00333c    program     static /Users/Leonardo/Documents/Microntrolador PIC/Slave i2c/exemplo usb_cdc 1/USB/Device - CDC/Firmware/usb_function_cdc.c
                   __pa_4   0x00269e    program     static E:\c18v3.46\pic18-lt\cxx-framework\src\traditional\stdclib\vfprintf.c
                  __pa_40   0x002908    program     static E:\c18v3.46\pic18-lt\cxx-framework\src\traditional\stdclib\vfprintf.c
                  __pa_40   0x001cc0    program     static /Users/Leonardo/Documents/Microntrolador PIC/Slave i2c/exemplo usb_cdc 1/Microchip/USB/usb_device.c
                  __pa_41   0x002914    program     static E:\c18v3.46\pic18-lt\cxx-framework\src\traditional\stdclib\vfprintf.c
                  __pa_41   0x001cc6    program     static /Users/Leonardo/Documents/Microntrolador PIC/Slave i2c/exemplo usb_cdc 1/Microchip/USB/usb_device.c
                  __pa_42   0x00291c    program     static E:\c18v3.46\pic18-lt\cxx-framework\src\traditional\stdclib\vfprintf.c
                  __pa_42   0x001cd4    program     static /Users/Leonardo/Documents/Microntrolador PIC/Slave i2c/exemplo usb_cdc 1/Microchip/USB/usb_device.c
                  __pa_43   0x002926    program     static E:\c18v3.46\pic18-lt\cxx-framework\src\traditional\stdclib\vfprintf.c
                  __pa_43   0x001ce2    program     static /Users/Leonardo/Documents/Microntrolador PIC/Slave i2c/exemplo usb_cdc 1/Microchip/USB/usb_device.c
                  __pa_44   0x00292c    program     static E:\c18v3.46\pic18-lt\cxx-framework\src\traditional\stdclib\vfprintf.c
                  __pa_44   0x001cf0    program     static /Users/Leonardo/Documents/Microntrolador PIC/Slave i2c/exemplo usb_cdc 1/Microchip/USB/usb_device.c
                  __pa_45   0x002936    program     static E:\c18v3.46\pic18-lt\cxx-framework\src\traditional\stdclib\vfprintf.c
                  __pa_45   0x001cfa    program     static /Users/Leonardo/Documents/Microntrolador PIC/Slave i2c/exemplo usb_cdc 1/Microchip/USB/usb_device.c
                  __pa_46   0x002942    program     static E:\c18v3.46\pic18-lt\cxx-framework\src\traditional\stdclib\vfprintf.c
                  __pa_46   0x001d04    program     static /Users/Leonardo/Documents/Microntrolador PIC/Slave i2c/exemplo usb_cdc 1/Microchip/USB/usb_device.c
                  __pa_47   0x001d0c    program     static /Users/Leonardo/Documents/Microntrolador PIC/Slave i2c/exemplo usb_cdc 1/Microchip/USB/usb_device.c
                  __pa_48   0x001d18    program     static /Users/Leonardo/Documents/Microntrolador PIC/Slave i2c/exemplo usb_cdc 1/Microchip/USB/usb_device.c
                  __pa_49   0x001d22    program     static /Users/Leonardo/Documents/Microntrolador PIC/Slave i2c/exemplo usb_cdc 1/Microchip/USB/usb_device.c
                   __pa_5   0x002f84    program     static /Users/Leonardo/Documents/Microntrolador PIC/Slave i2c/exemplo usb_cdc 1/USB/Device - CDC/Firmware/main.c
                   __pa_5   0x0026b2    program     static E:\c18v3.46\pic18-lt\cxx-framework\src\traditional\stdclib\vfprintf.c
                   __pa_5   0x003346    program     static /Users/Leonardo/Documents/Microntrolador PIC/Slave i2c/exemplo usb_cdc 1/USB/Device - CDC/Firmware/usb_function_cdc.c
                   __pa_5   0x001af6    program     static /Users/Leonardo/Documents/Microntrolador PIC/Slave i2c/exemplo usb_cdc 1/Microchip/USB/usb_device.c
                   __pa_6   0x0026ce    program     static E:\c18v3.46\pic18-lt\cxx-framework\src\traditional\stdclib\vfprintf.c
                   __pa_6   0x001b00    program     static /Users/Leonardo/Documents/Microntrolador PIC/Slave i2c/exemplo usb_cdc 1/Microchip/USB/usb_device.c
                   __pa_6   0x00334e    program     static /Users/Leonardo/Documents/Microntrolador PIC/Slave i2c/exemplo usb_cdc 1/USB/Device - CDC/Firmware/usb_function_cdc.c
                   __pa_6   0x002f92    program     static /Users/Leonardo/Documents/Microntrolador PIC/Slave i2c/exemplo usb_cdc 1/USB/Device - CDC/Firmware/main.c
                   __pa_7   0x00335c    program     static /Users/Leonardo/Documents/Microntrolador PIC/Slave i2c/exemplo usb_cdc 1/USB/Device - CDC/Firmware/usb_function_cdc.c
                   __pa_7   0x0026d8    program     static E:\c18v3.46\pic18-lt\cxx-framework\src\traditional\stdclib\vfprintf.c
                   __pa_7   0x002fa0    program     static /Users/Leonardo/Documents/Microntrolador PIC/Slave i2c/exemplo usb_cdc 1/USB/Device - CDC/Firmware/main.c
                   __pa_7   0x001b08    program     static /Users/Leonardo/Documents/Microntrolador PIC/Slave i2c/exemplo usb_cdc 1/Microchip/USB/usb_device.c
                   __pa_8   0x002fae    program     static /Users/Leonardo/Documents/Microntrolador PIC/Slave i2c/exemplo usb_cdc 1/USB/Device - CDC/Firmware/main.c
                   __pa_8   0x001b18    program     static /Users/Leonardo/Documents/Microntrolador PIC/Slave i2c/exemplo usb_cdc 1/Microchip/USB/usb_device.c
                   __pa_8   0x0026e4    program     static E:\c18v3.46\pic18-lt\cxx-framework\src\traditional\stdclib\vfprintf.c
                   __pa_8   0x00336a    program     static /Users/Leonardo/Documents/Microntrolador PIC/Slave i2c/exemplo usb_cdc 1/USB/Device - CDC/Firmware/usb_function_cdc.c
                   __pa_9   0x002fbc    program     static /Users/Leonardo/Documents/Microntrolador PIC/Slave i2c/exemplo usb_cdc 1/USB/Device - CDC/Firmware/main.c
                   __pa_9   0x001b22    program     static /Users/Leonardo/Documents/Microntrolador PIC/Slave i2c/exemplo usb_cdc 1/Microchip/USB/usb_device.c
                   __pa_9   0x002706    program     static E:\c18v3.46\pic18-lt\cxx-framework\src\traditional\stdclib\vfprintf.c
                   __pa_9   0x003378    program     static /Users/Leonardo/Documents/Microntrolador PIC/Slave i2c/exemplo usb_cdc 1/USB/Device - CDC/Firmware/usb_function_cdc.c
               __string_9   0x003c72    program     static /Users/Leonardo/Documents/Microntrolador PIC/Slave i2c/exemplo usb_cdc 1/USB/Device - CDC/Firmware/main.c
              __tmplbl_24   0x001b00    program     static                          
              __tmplbl_34   0x001b00    program     static                          
              __tmplbl_37   0x001b00    program     static                          
              __tmplbl_38   0x001b00    program     static                          
              __tmplbl_42   0x002800    program     static                          
              __tmplbl_43   0x002648    program     static                          
              __tmplbl_44   0x00262e    program     static                          
              __tmplbl_85   0x001d80    program     static                          
            __zero_memory   0x003c52    program     extern E:\c18v3.46\pic18-lt\cxx-framework\src\traditional\proc\p18f4550.asm
                _do_cinit   0x003606    program     extern E:\c18v3.46\pic18-lt\cxx-framework\src\traditional\startup\c018i.c
                   _entry   0x000000    program     extern E:\c18v3.46\pic18-lt\cxx-framework\src\traditional\startup\c018i.c
                   _false   0x003b5e    program     static                          
                   _reset   0x001000    program     extern /Users/Leonardo/Documents/Microntrolador PIC/Slave i2c/exemplo usb_cdc 1/USB/Device - CDC/Firmware/main.c
                 _startup   0x003c90    program     extern E:\c18v3.46\pic18-lt\cxx-framework\src\traditional\startup\c018i.c
              _usart_putc   0x003cac    program     extern E:\c18v3.46\pic18-lt\cxx-framework\src\pmc_common\USART\_usartpc.asm
               _user_putc   0x003d1c    program     extern E:\c18v3.46\pic18-lt\cxx-framework\src\traditional\stdclib\_user_putc.c
                     atoi   0x0033ae    program     extern E:\c18v3.46\pic18-lt\cxx-framework\src\traditional\stdclib\atoi.asm
                   atraso   0x002bdc    program     extern /Users/Leonardo/Documents/Microntrolador PIC/Slave i2c/exemplo usb_cdc 1/USB/Device - CDC/Firmware/main.c
                 atraso60   0x002be4    program     extern /Users/Leonardo/Documents/Microntrolador PIC/Slave i2c/exemplo usb_cdc 1/USB/Device - CDC/Firmware/main.c
                 atraso70   0x002be8    program     extern /Users/Leonardo/Documents/Microntrolador PIC/Slave i2c/exemplo usb_cdc 1/USB/Device - CDC/Firmware/main.c
                compare_l   0x003c68    program     static E:\c18v3.46\pic18-lt\cxx-framework\src\traditional\proc\p18f4550.asm
        configDescriptor1   0x0034aa    program     extern /Users/Leonardo/Documents/Microntrolador PIC/Slave i2c/exemplo usb_cdc 1/USB/Device - CDC/Firmware/usb_descriptors.c
                copy_loop   0x003678    program     static                          
            copy_one_byte   0x00367e    program     static                          
                   delaay   0x002be0    program     extern /Users/Leonardo/Documents/Microntrolador PIC/Slave i2c/exemplo usb_cdc 1/USB/Device - CDC/Firmware/main.c
               device_dsc   0x003498    program     extern /Users/Leonardo/Documents/Microntrolador PIC/Slave i2c/exemplo usb_cdc 1/USB/Device - CDC/Firmware/usb_descriptors.c
                     done   0x0036a2    program     static                          
             done_copying   0x00368c    program     static                          
                enviarUSB   0x002bec    program     extern /Users/Leonardo/Documents/Microntrolador PIC/Slave i2c/exemplo usb_cdc 1/USB/Device - CDC/Firmware/main.c
                getcUSART   0x002a7a    program     extern /Users/Leonardo/Documents/Microntrolador PIC/Slave i2c/exemplo usb_cdc 1/USB/Device - CDC/Firmware/main.c
                  getsI2C   0x0038ae    program     extern E:\c18v3.46\pic18-lt\cxx-framework\src\pmc_common\i2c\i2c_gets.c
             getsUSBUSART   0x0030f4    program     extern /Users/Leonardo/Documents/Microntrolador PIC/Slave i2c/exemplo usb_cdc 1/USB/Device - CDC/Firmware/usb_function_cdc.c
           inicializa_pic   0x002968    program     static /Users/Leonardo/Documents/Microntrolador PIC/Slave i2c/exemplo usb_cdc 1/USB/Device - CDC/Firmware/main.c
                  isdigit   0x003c2e    program     extern E:\c18v3.46\pic18-lt\cxx-framework\src\traditional\stdclib\isdigit.asm
                     jEnd   0x00372a    program     static E:\c18v3.46\pic18-lt\cxx-framework\src\traditional\stdclib\slenpgm.asm
                     jEnd   0x0036f2    program     static E:\c18v3.46\pic18-lt\cxx-framework\src\traditional\stdclib\strlen.asm
                     jEnd   0x0036d6    program     static E:\c18v3.46\pic18-lt\cxx-framework\src\traditional\stdclib\memset.asm
                     jEnd   0x00346c    program     static E:\c18v3.46\pic18-lt\cxx-framework\src\traditional\stdclib\atoi.asm
                 jEndLoop   0x003454    program     static E:\c18v3.46\pic18-lt\cxx-framework\src\traditional\stdclib\atoi.asm
                    jLoop   0x003712    program     static E:\c18v3.46\pic18-lt\cxx-framework\src\traditional\stdclib\slenpgm.asm
                    jLoop   0x0036e8    program     static E:\c18v3.46\pic18-lt\cxx-framework\src\traditional\stdclib\strlen.asm
                    jLoop   0x0036b8    program     static E:\c18v3.46\pic18-lt\cxx-framework\src\traditional\stdclib\memset.asm
                    jLoop   0x003406    program     static E:\c18v3.46\pic18-lt\cxx-framework\src\traditional\stdclib\atoi.asm
                   jMatch   0x003c4e    program     static E:\c18v3.46\pic18-lt\cxx-framework\src\traditional\stdclib\isdigit.asm
                 jNoMatch   0x003c50    program     static E:\c18v3.46\pic18-lt\cxx-framework\src\traditional\stdclib\isdigit.asm
                  jSkipWS   0x0033dc    program     static E:\c18v3.46\pic18-lt\cxx-framework\src\traditional\stdclib\atoi.asm
                 jSkipWS1   0x0033ee    program     static E:\c18v3.46\pic18-lt\cxx-framework\src\traditional\stdclib\atoi.asm
                 jTstSign   0x0033f2    program     static E:\c18v3.46\pic18-lt\cxx-framework\src\traditional\stdclib\atoi.asm
                jTstSign1   0x0033fe    program     static E:\c18v3.46\pic18-lt\cxx-framework\src\traditional\stdclib\atoi.asm
                jTstSign2   0x003404    program     static E:\c18v3.46\pic18-lt\cxx-framework\src\traditional\stdclib\atoi.asm
                jTstSign3   0x003406    program     static E:\c18v3.46\pic18-lt\cxx-framework\src\traditional\stdclib\atoi.asm
                     loop   0x003ca0    program     static                          
                     loop   0x003cbc    program     static E:\c18v3.46\pic18-lt\cxx-framework\src\pmc_common\USART\_usartpc.asm
                     loop   0x003b2a    program     static                          
                   loop_h   0x003c60    program     static E:\c18v3.46\pic18-lt\cxx-framework\src\traditional\proc\p18f4550.asm
                   loop_l   0x003c6a    program     static E:\c18v3.46\pic18-lt\cxx-framework\src\traditional\proc\p18f4550.asm
                     main   0x002c2a    program     extern /Users/Leonardo/Documents/Microntrolador PIC/Slave i2c/exemplo usb_cdc 1/USB/Device - CDC/Firmware/main.c
                   memset   0x0036a4    program     extern E:\c18v3.46\pic18-lt\cxx-framework\src\traditional\stdclib\memset.asm
   mySetLineCodingHandler   0x0029d8    program     extern /Users/Leonardo/Documents/Microntrolador PIC/Slave i2c/exemplo usb_cdc 1/USB/Device - CDC/Firmware/main.c
              putUSBUSART   0x003172    program     extern /Users/Leonardo/Documents/Microntrolador PIC/Slave i2c/exemplo usb_cdc 1/USB/Device - CDC/Firmware/usb_function_cdc.c
                     putc   0x00373e    program     extern E:\c18v3.46\pic18-lt\cxx-framework\src\traditional\stdclib\putc.c
                putcUSART   0x0029ce    program     extern /Users/Leonardo/Documents/Microntrolador PIC/Slave i2c/exemplo usb_cdc 1/USB/Device - CDC/Firmware/main.c
            putrsUSBUSART   0x0031ca    program     extern /Users/Leonardo/Documents/Microntrolador PIC/Slave i2c/exemplo usb_cdc 1/USB/Device - CDC/Firmware/usb_function_cdc.c
                  putsI2C   0x003838    program     extern E:\c18v3.46\pic18-lt\cxx-framework\src\pmc_common\i2c\i2c_puts.c
             putsUSBUSART   0x00318a    program     extern /Users/Leonardo/Documents/Microntrolador PIC/Slave i2c/exemplo usb_cdc 1/USB/Device - CDC/Firmware/usb_function_cdc.c
               recebe_usb   0x002b74    program     extern /Users/Leonardo/Documents/Microntrolador PIC/Slave i2c/exemplo usb_cdc 1/USB/Device - CDC/Firmware/main.c
                 s_digits   0x003cf8    program     static E:\c18v3.46\pic18-lt\cxx-framework\src\traditional\stdclib\vfprintf.c
            s_put_n_chars   0x001d2a    program     static E:\c18v3.46\pic18-lt\cxx-framework\src\traditional\stdclib\vfprintf.c
                    sd000   0x0034ed    program     extern /Users/Leonardo/Documents/Microntrolador PIC/Slave i2c/exemplo usb_cdc 1/USB/Device - CDC/Firmware/usb_descriptors.c
                    sd001   0x0034f1    program     extern /Users/Leonardo/Documents/Microntrolador PIC/Slave i2c/exemplo usb_cdc 1/USB/Device - CDC/Firmware/usb_descriptors.c
                    sd002   0x003525    program     extern /Users/Leonardo/Documents/Microntrolador PIC/Slave i2c/exemplo usb_cdc 1/USB/Device - CDC/Firmware/usb_descriptors.c
                  sprintf   0x00355a    program     extern E:\c18v3.46\pic18-lt\cxx-framework\src\traditional\stdclib\sprintf.c
                   strlen   0x0036d8    program     extern E:\c18v3.46\pic18-lt\cxx-framework\src\traditional\stdclib\strlen.asm
                strlenpgm   0x0036f4    program     extern E:\c18v3.46\pic18-lt\cxx-framework\src\traditional\stdclib\slenpgm.asm
                     test   0x003620    program     static                          
                 vfprintf   0x001d56    program     extern E:\c18v3.46\pic18-lt\cxx-framework\src\traditional\stdclib\vfprintf.c
               zero_block   0x003c60    program     static E:\c18v3.46\pic18-lt\cxx-framework\src\traditional\proc\p18f4550.asm
                   ADCON0   0x000fc2       data     extern E:\c18v3.46\pic18-lt\cxx-framework\src\traditional\proc\p18f4550.asm
               ADCON0bits   0x000fc2       data     extern E:\c18v3.46\pic18-lt\cxx-framework\src\traditional\proc\p18f4550.asm
                   ADCON1   0x000fc1       data     extern E:\c18v3.46\pic18-lt\cxx-framework\src\traditional\proc\p18f4550.asm
               ADCON1bits   0x000fc1       data     extern E:\c18v3.46\pic18-lt\cxx-framework\src\traditional\proc\p18f4550.asm
                   ADCON2   0x000fc0       data     extern E:\c18v3.46\pic18-lt\cxx-framework\src\traditional\proc\p18f4550.asm
               ADCON2bits   0x000fc0       data     extern E:\c18v3.46\pic18-lt\cxx-framework\src\traditional\proc\p18f4550.asm
                    ADRES   0x000fc3       data     extern E:\c18v3.46\pic18-lt\cxx-framework\src\traditional\proc\p18f4550.asm
                   ADRESH   0x000fc4       data     extern E:\c18v3.46\pic18-lt\cxx-framework\src\traditional\proc\p18f4550.asm
                   ADRESL   0x000fc3       data     extern E:\c18v3.46\pic18-lt\cxx-framework\src\traditional\proc\p18f4550.asm
                  BAUDCON   0x000fb8       data     extern E:\c18v3.46\pic18-lt\cxx-framework\src\traditional\proc\p18f4550.asm
              BAUDCONbits   0x000fb8       data     extern E:\c18v3.46\pic18-lt\cxx-framework\src\traditional\proc\p18f4550.asm
                  BAUDCTL   0x000fb8       data     extern E:\c18v3.46\pic18-lt\cxx-framework\src\traditional\proc\p18f4550.asm
              BAUDCTLbits   0x000fb8       data     extern E:\c18v3.46\pic18-lt\cxx-framework\src\traditional\proc\p18f4550.asm
                      BDT   0x000400       data     extern /Users/Leonardo/Documents/Microntrolador PIC/Slave i2c/exemplo usb_cdc 1/Microchip/USB/usb_device.c
                      BSR   0x000fe0       data     extern E:\c18v3.46\pic18-lt\cxx-framework\src\traditional\proc\p18f4550.asm
              BaudRateGen   0x0000f4       data     extern /Users/Leonardo/Documents/Microntrolador PIC/Slave i2c/exemplo usb_cdc 1/USB/Device - CDC/Firmware/usb_function_cdc.c
       BothEP0OutUOWNsSet   0x00019b       data     extern /Users/Leonardo/Documents/Microntrolador PIC/Slave i2c/exemplo usb_cdc 1/Microchip/USB/usb_device.c
                   CCP1AS   0x000fb6       data     extern E:\c18v3.46\pic18-lt\cxx-framework\src\traditional\proc\p18f4550.asm
               CCP1ASbits   0x000fb6       data     extern E:\c18v3.46\pic18-lt\cxx-framework\src\traditional\proc\p18f4550.asm
                  CCP1CON   0x000fbd       data     extern E:\c18v3.46\pic18-lt\cxx-framework\src\traditional\proc\p18f4550.asm
              CCP1CONbits   0x000fbd       data     extern E:\c18v3.46\pic18-lt\cxx-framework\src\traditional\proc\p18f4550.asm
                  CCP1DEL   0x000fb7       data     extern E:\c18v3.46\pic18-lt\cxx-framework\src\traditional\proc\p18f4550.asm
              CCP1DELbits   0x000fb7       data     extern E:\c18v3.46\pic18-lt\cxx-framework\src\traditional\proc\p18f4550.asm
                  CCP2CON   0x000fba       data     extern E:\c18v3.46\pic18-lt\cxx-framework\src\traditional\proc\p18f4550.asm
              CCP2CONbits   0x000fba       data     extern E:\c18v3.46\pic18-lt\cxx-framework\src\traditional\proc\p18f4550.asm
                    CCPR1   0x000fbe       data     extern E:\c18v3.46\pic18-lt\cxx-framework\src\traditional\proc\p18f4550.asm
                   CCPR1H   0x000fbf       data     extern E:\c18v3.46\pic18-lt\cxx-framework\src\traditional\proc\p18f4550.asm
                   CCPR1L   0x000fbe       data     extern E:\c18v3.46\pic18-lt\cxx-framework\src\traditional\proc\p18f4550.asm
                    CCPR2   0x000fbb       data     extern E:\c18v3.46\pic18-lt\cxx-framework\src\traditional\proc\p18f4550.asm
                   CCPR2H   0x000fbc       data     extern E:\c18v3.46\pic18-lt\cxx-framework\src\traditional\proc\p18f4550.asm
                   CCPR2L   0x000fbb       data     extern E:\c18v3.46\pic18-lt\cxx-framework\src\traditional\proc\p18f4550.asm
          CDCDataInHandle   0x0000f1       data     extern /Users/Leonardo/Documents/Microntrolador PIC/Slave i2c/exemplo usb_cdc 1/USB/Device - CDC/Firmware/usb_function_cdc.c
         CDCDataOutHandle   0x0000ef       data     extern /Users/Leonardo/Documents/Microntrolador PIC/Slave i2c/exemplo usb_cdc 1/USB/Device - CDC/Firmware/usb_function_cdc.c
                    CMCON   0x000fb4       data     extern E:\c18v3.46\pic18-lt\cxx-framework\src\traditional\proc\p18f4550.asm
                CMCONbits   0x000fb4       data     extern E:\c18v3.46\pic18-lt\cxx-framework\src\traditional\proc\p18f4550.asm
                   CVRCON   0x000fb5       data     extern E:\c18v3.46\pic18-lt\cxx-framework\src\traditional\proc\p18f4550.asm
               CVRCONbits   0x000fb5       data     extern E:\c18v3.46\pic18-lt\cxx-framework\src\traditional\proc\p18f4550.asm
              CtrlTrfData   0x000438       data     extern /Users/Leonardo/Documents/Microntrolador PIC/Slave i2c/exemplo usb_cdc 1/Microchip/USB/usb_device.c
                     DDRA   0x000f92       data     extern E:\c18v3.46\pic18-lt\cxx-framework\src\traditional\proc\p18f4550.asm
                 DDRAbits   0x000f92       data     extern E:\c18v3.46\pic18-lt\cxx-framework\src\traditional\proc\p18f4550.asm
                     DDRB   0x000f93       data     extern E:\c18v3.46\pic18-lt\cxx-framework\src\traditional\proc\p18f4550.asm
                 DDRBbits   0x000f93       data     extern E:\c18v3.46\pic18-lt\cxx-framework\src\traditional\proc\p18f4550.asm
                     DDRC   0x000f94       data     extern E:\c18v3.46\pic18-lt\cxx-framework\src\traditional\proc\p18f4550.asm
                 DDRCbits   0x000f94       data     extern E:\c18v3.46\pic18-lt\cxx-framework\src\traditional\proc\p18f4550.asm
                     DDRD   0x000f95       data     extern E:\c18v3.46\pic18-lt\cxx-framework\src\traditional\proc\p18f4550.asm
                 DDRDbits   0x000f95       data     extern E:\c18v3.46\pic18-lt\cxx-framework\src\traditional\proc\p18f4550.asm
                     DDRE   0x000f96       data     extern E:\c18v3.46\pic18-lt\cxx-framework\src\traditional\proc\p18f4550.asm
                 DDREbits   0x000f96       data     extern E:\c18v3.46\pic18-lt\cxx-framework\src\traditional\proc\p18f4550.asm
            DelayCounter1   0x00001d       data     extern E:\c18v3.46\pic18-lt\cxx-framework\src\traditional\delays\delayd1.asm
            DelayCounter2   0x00001c       data     extern E:\c18v3.46\pic18-lt\cxx-framework\src\traditional\delays\delayd2.asm
                  ECCP1AS   0x000fb6       data     extern E:\c18v3.46\pic18-lt\cxx-framework\src\traditional\proc\p18f4550.asm
              ECCP1ASbits   0x000fb6       data     extern E:\c18v3.46\pic18-lt\cxx-framework\src\traditional\proc\p18f4550.asm
                 ECCP1CON   0x000fbd       data     extern E:\c18v3.46\pic18-lt\cxx-framework\src\traditional\proc\p18f4550.asm
             ECCP1CONbits   0x000fbd       data     extern E:\c18v3.46\pic18-lt\cxx-framework\src\traditional\proc\p18f4550.asm
                 ECCP1DEL   0x000fb7       data     extern E:\c18v3.46\pic18-lt\cxx-framework\src\traditional\proc\p18f4550.asm
             ECCP1DELbits   0x000fb7       data     extern E:\c18v3.46\pic18-lt\cxx-framework\src\traditional\proc\p18f4550.asm
                    EEADR   0x000fa9       data     extern E:\c18v3.46\pic18-lt\cxx-framework\src\traditional\proc\p18f4550.asm
                   EECON1   0x000fa6       data     extern E:\c18v3.46\pic18-lt\cxx-framework\src\traditional\proc\p18f4550.asm
               EECON1bits   0x000fa6       data     extern E:\c18v3.46\pic18-lt\cxx-framework\src\traditional\proc\p18f4550.asm
                   EECON2   0x000fa7       data     extern E:\c18v3.46\pic18-lt\cxx-framework\src\traditional\proc\p18f4550.asm
                   EEDATA   0x000fa8       data     extern E:\c18v3.46\pic18-lt\cxx-framework\src\traditional\proc\p18f4550.asm
                     FSR0   0x000fe9       data     extern E:\c18v3.46\pic18-lt\cxx-framework\src\traditional\proc\p18f4550.asm
                    FSR0H   0x000fea       data     extern E:\c18v3.46\pic18-lt\cxx-framework\src\traditional\proc\p18f4550.asm
                    FSR0L   0x000fe9       data     extern E:\c18v3.46\pic18-lt\cxx-framework\src\traditional\proc\p18f4550.asm
                     FSR1   0x000fe1       data     extern E:\c18v3.46\pic18-lt\cxx-framework\src\traditional\proc\p18f4550.asm
                    FSR1H   0x000fe2       data     extern E:\c18v3.46\pic18-lt\cxx-framework\src\traditional\proc\p18f4550.asm
                    FSR1L   0x000fe1       data     extern E:\c18v3.46\pic18-lt\cxx-framework\src\traditional\proc\p18f4550.asm
                     FSR2   0x000fd9       data     extern E:\c18v3.46\pic18-lt\cxx-framework\src\traditional\proc\p18f4550.asm
                    FSR2H   0x000fda       data     extern E:\c18v3.46\pic18-lt\cxx-framework\src\traditional\proc\p18f4550.asm
                    FSR2L   0x000fd9       data     extern E:\c18v3.46\pic18-lt\cxx-framework\src\traditional\proc\p18f4550.asm
                  HLVDCON   0x000fd2       data     extern E:\c18v3.46\pic18-lt\cxx-framework\src\traditional\proc\p18f4550.asm
              HLVDCONbits   0x000fd2       data     extern E:\c18v3.46\pic18-lt\cxx-framework\src\traditional\proc\p18f4550.asm
                    INDF0   0x000fef       data     extern E:\c18v3.46\pic18-lt\cxx-framework\src\traditional\proc\p18f4550.asm
                    INDF1   0x000fe7       data     extern E:\c18v3.46\pic18-lt\cxx-framework\src\traditional\proc\p18f4550.asm
                    INDF2   0x000fdf       data     extern E:\c18v3.46\pic18-lt\cxx-framework\src\traditional\proc\p18f4550.asm
                   INTCON   0x000ff2       data     extern E:\c18v3.46\pic18-lt\cxx-framework\src\traditional\proc\p18f4550.asm
                  INTCON2   0x000ff1       data     extern E:\c18v3.46\pic18-lt\cxx-framework\src\traditional\proc\p18f4550.asm
              INTCON2bits   0x000ff1       data     extern E:\c18v3.46\pic18-lt\cxx-framework\src\traditional\proc\p18f4550.asm
                  INTCON3   0x000ff0       data     extern E:\c18v3.46\pic18-lt\cxx-framework\src\traditional\proc\p18f4550.asm
              INTCON3bits   0x000ff0       data     extern E:\c18v3.46\pic18-lt\cxx-framework\src\traditional\proc\p18f4550.asm
               INTCONbits   0x000ff2       data     extern E:\c18v3.46\pic18-lt\cxx-framework\src\traditional\proc\p18f4550.asm
                     IPR1   0x000f9f       data     extern E:\c18v3.46\pic18-lt\cxx-framework\src\traditional\proc\p18f4550.asm
                 IPR1bits   0x000f9f       data     extern E:\c18v3.46\pic18-lt\cxx-framework\src\traditional\proc\p18f4550.asm
                     IPR2   0x000fa2       data     extern E:\c18v3.46\pic18-lt\cxx-framework\src\traditional\proc\p18f4550.asm
                 IPR2bits   0x000fa2       data     extern E:\c18v3.46\pic18-lt\cxx-framework\src\traditional\proc\p18f4550.asm
                     LATA   0x000f89       data     extern E:\c18v3.46\pic18-lt\cxx-framework\src\traditional\proc\p18f4550.asm
                 LATAbits   0x000f89       data     extern E:\c18v3.46\pic18-lt\cxx-framework\src\traditional\proc\p18f4550.asm
                     LATB   0x000f8a       data     extern E:\c18v3.46\pic18-lt\cxx-framework\src\traditional\proc\p18f4550.asm
                 LATBbits   0x000f8a       data     extern E:\c18v3.46\pic18-lt\cxx-framework\src\traditional\proc\p18f4550.asm
                     LATC   0x000f8b       data     extern E:\c18v3.46\pic18-lt\cxx-framework\src\traditional\proc\p18f4550.asm
                 LATCbits   0x000f8b       data     extern E:\c18v3.46\pic18-lt\cxx-framework\src\traditional\proc\p18f4550.asm
                     LATD   0x000f8c       data     extern E:\c18v3.46\pic18-lt\cxx-framework\src\traditional\proc\p18f4550.asm
                 LATDbits   0x000f8c       data     extern E:\c18v3.46\pic18-lt\cxx-framework\src\traditional\proc\p18f4550.asm
                     LATE   0x000f8d       data     extern E:\c18v3.46\pic18-lt\cxx-framework\src\traditional\proc\p18f4550.asm
                 LATEbits   0x000f8d       data     extern E:\c18v3.46\pic18-lt\cxx-framework\src\traditional\proc\p18f4550.asm
                   LVDCON   0x000fd2       data     extern E:\c18v3.46\pic18-lt\cxx-framework\src\traditional\proc\p18f4550.asm
               LVDCONbits   0x000fd2       data     extern E:\c18v3.46\pic18-lt\cxx-framework\src\traditional\proc\p18f4550.asm
             LastRS232Out   0x0000e1       data     extern /Users/Leonardo/Documents/Microntrolador PIC/Slave i2c/exemplo usb_cdc 1/USB/Device - CDC/Firmware/main.c
               NextUSBOut   0x0000e0       data     extern /Users/Leonardo/Documents/Microntrolador PIC/Slave i2c/exemplo usb_cdc 1/USB/Device - CDC/Firmware/main.c
                   OSCCON   0x000fd3       data     extern E:\c18v3.46\pic18-lt\cxx-framework\src\traditional\proc\p18f4550.asm
               OSCCONbits   0x000fd3       data     extern E:\c18v3.46\pic18-lt\cxx-framework\src\traditional\proc\p18f4550.asm
                  OSCTUNE   0x000f9b       data     extern E:\c18v3.46\pic18-lt\cxx-framework\src\traditional\proc\p18f4550.asm
              OSCTUNEbits   0x000f9b       data     extern E:\c18v3.46\pic18-lt\cxx-framework\src\traditional\proc\p18f4550.asm
                       PC   0x000ff9       data     extern E:\c18v3.46\pic18-lt\cxx-framework\src\traditional\proc\p18f4550.asm
                      PCL   0x000ff9       data     extern E:\c18v3.46\pic18-lt\cxx-framework\src\traditional\proc\p18f4550.asm
                   PCLATH   0x000ffa       data     extern E:\c18v3.46\pic18-lt\cxx-framework\src\traditional\proc\p18f4550.asm
                   PCLATU   0x000ffb       data     extern E:\c18v3.46\pic18-lt\cxx-framework\src\traditional\proc\p18f4550.asm
                     PIE1   0x000f9d       data     extern E:\c18v3.46\pic18-lt\cxx-framework\src\traditional\proc\p18f4550.asm
                 PIE1bits   0x000f9d       data     extern E:\c18v3.46\pic18-lt\cxx-framework\src\traditional\proc\p18f4550.asm
                     PIE2   0x000fa0       data     extern E:\c18v3.46\pic18-lt\cxx-framework\src\traditional\proc\p18f4550.asm
                 PIE2bits   0x000fa0       data     extern E:\c18v3.46\pic18-lt\cxx-framework\src\traditional\proc\p18f4550.asm
                     PIR1   0x000f9e       data     extern E:\c18v3.46\pic18-lt\cxx-framework\src\traditional\proc\p18f4550.asm
                 PIR1bits   0x000f9e       data     extern E:\c18v3.46\pic18-lt\cxx-framework\src\traditional\proc\p18f4550.asm
                     PIR2   0x000fa1       data     extern E:\c18v3.46\pic18-lt\cxx-framework\src\traditional\proc\p18f4550.asm
                 PIR2bits   0x000fa1       data     extern E:\c18v3.46\pic18-lt\cxx-framework\src\traditional\proc\p18f4550.asm
                   PLUSW0   0x000feb       data     extern E:\c18v3.46\pic18-lt\cxx-framework\src\traditional\proc\p18f4550.asm
                   PLUSW1   0x000fe3       data     extern E:\c18v3.46\pic18-lt\cxx-framework\src\traditional\proc\p18f4550.asm
                   PLUSW2   0x000fdb       data     extern E:\c18v3.46\pic18-lt\cxx-framework\src\traditional\proc\p18f4550.asm
                    PORTA   0x000f80       data     extern E:\c18v3.46\pic18-lt\cxx-framework\src\traditional\proc\p18f4550.asm
                PORTAbits   0x000f80       data     extern E:\c18v3.46\pic18-lt\cxx-framework\src\traditional\proc\p18f4550.asm
                    PORTB   0x000f81       data     extern E:\c18v3.46\pic18-lt\cxx-framework\src\traditional\proc\p18f4550.asm
                PORTBbits   0x000f81       data     extern E:\c18v3.46\pic18-lt\cxx-framework\src\traditional\proc\p18f4550.asm
                    PORTC   0x000f82       data     extern E:\c18v3.46\pic18-lt\cxx-framework\src\traditional\proc\p18f4550.asm
                PORTCbits   0x000f82       data     extern E:\c18v3.46\pic18-lt\cxx-framework\src\traditional\proc\p18f4550.asm
                    PORTD   0x000f83       data     extern E:\c18v3.46\pic18-lt\cxx-framework\src\traditional\proc\p18f4550.asm
                PORTDbits   0x000f83       data     extern E:\c18v3.46\pic18-lt\cxx-framework\src\traditional\proc\p18f4550.asm
                    PORTE   0x000f84       data     extern E:\c18v3.46\pic18-lt\cxx-framework\src\traditional\proc\p18f4550.asm
                PORTEbits   0x000f84       data     extern E:\c18v3.46\pic18-lt\cxx-framework\src\traditional\proc\p18f4550.asm
                 POSTDEC0   0x000fed       data     extern E:\c18v3.46\pic18-lt\cxx-framework\src\traditional\proc\p18f4550.asm
                 POSTDEC1   0x000fe5       data     extern E:\c18v3.46\pic18-lt\cxx-framework\src\traditional\proc\p18f4550.asm
                 POSTDEC2   0x000fdd       data     extern E:\c18v3.46\pic18-lt\cxx-framework\src\traditional\proc\p18f4550.asm
                 POSTINC0   0x000fee       data     extern E:\c18v3.46\pic18-lt\cxx-framework\src\traditional\proc\p18f4550.asm
                 POSTINC1   0x000fe6       data     extern E:\c18v3.46\pic18-lt\cxx-framework\src\traditional\proc\p18f4550.asm
                 POSTINC2   0x000fde       data     extern E:\c18v3.46\pic18-lt\cxx-framework\src\traditional\proc\p18f4550.asm
                      PR2   0x000fcb       data     extern E:\c18v3.46\pic18-lt\cxx-framework\src\traditional\proc\p18f4550.asm
                  PREINC0   0x000fec       data     extern E:\c18v3.46\pic18-lt\cxx-framework\src\traditional\proc\p18f4550.asm
                  PREINC1   0x000fe4       data     extern E:\c18v3.46\pic18-lt\cxx-framework\src\traditional\proc\p18f4550.asm
                  PREINC2   0x000fdc       data     extern E:\c18v3.46\pic18-lt\cxx-framework\src\traditional\proc\p18f4550.asm
                     PROD   0x000ff3       data     extern E:\c18v3.46\pic18-lt\cxx-framework\src\traditional\proc\p18f4550.asm
                    PRODH   0x000ff4       data     extern E:\c18v3.46\pic18-lt\cxx-framework\src\traditional\proc\p18f4550.asm
                    PRODL   0x000ff3       data     extern E:\c18v3.46\pic18-lt\cxx-framework\src\traditional\proc\p18f4550.asm
                     RCON   0x000fd0       data     extern E:\c18v3.46\pic18-lt\cxx-framework\src\traditional\proc\p18f4550.asm
                 RCONbits   0x000fd0       data     extern E:\c18v3.46\pic18-lt\cxx-framework\src\traditional\proc\p18f4550.asm
                    RCREG   0x000fae       data     extern E:\c18v3.46\pic18-lt\cxx-framework\src\traditional\proc\p18f4550.asm
                    RCSTA   0x000fab       data     extern E:\c18v3.46\pic18-lt\cxx-framework\src\traditional\proc\p18f4550.asm
                RCSTAbits   0x000fab       data     extern E:\c18v3.46\pic18-lt\cxx-framework\src\traditional\proc\p18f4550.asm
           RS232_Out_Data   0x0000a0       data     extern /Users/Leonardo/Documents/Microntrolador PIC/Slave i2c/exemplo usb_cdc 1/USB/Device - CDC/Firmware/main.c
       RS232_Out_Data_Rdy   0x000100       data     extern /Users/Leonardo/Documents/Microntrolador PIC/Slave i2c/exemplo usb_cdc 1/USB/Device - CDC/Firmware/main.c
                  RS232cp   0x0000e2       data     extern /Users/Leonardo/Documents/Microntrolador PIC/Slave i2c/exemplo usb_cdc 1/USB/Device - CDC/Firmware/main.c
             RemoteWakeup   0x000197       data     extern /Users/Leonardo/Documents/Microntrolador PIC/Slave i2c/exemplo usb_cdc 1/Microchip/USB/usb_device.c
                     SIGN   0x00000e       data     extern E:\c18v3.46\pic18-lt\cxx-framework\src\traditional\math\cmath18.asm
                    SPBRG   0x000faf       data     extern E:\c18v3.46\pic18-lt\cxx-framework\src\traditional\proc\p18f4550.asm
                   SPBRGH   0x000fb0       data     extern E:\c18v3.46\pic18-lt\cxx-framework\src\traditional\proc\p18f4550.asm
                   SPPCFG   0x000f63       data     extern E:\c18v3.46\pic18-lt\cxx-framework\src\traditional\proc\p18f4550.asm
               SPPCFGbits   0x000f63       data     extern E:\c18v3.46\pic18-lt\cxx-framework\src\traditional\proc\p18f4550.asm
                   SPPCON   0x000f65       data     extern E:\c18v3.46\pic18-lt\cxx-framework\src\traditional\proc\p18f4550.asm
               SPPCONbits   0x000f65       data     extern E:\c18v3.46\pic18-lt\cxx-framework\src\traditional\proc\p18f4550.asm
                  SPPDATA   0x000f62       data     extern E:\c18v3.46\pic18-lt\cxx-framework\src\traditional\proc\p18f4550.asm
                   SPPEPS   0x000f64       data     extern E:\c18v3.46\pic18-lt\cxx-framework\src\traditional\proc\p18f4550.asm
               SPPEPSbits   0x000f64       data     extern E:\c18v3.46\pic18-lt\cxx-framework\src\traditional\proc\p18f4550.asm
                   SSPADD   0x000fc8       data     extern E:\c18v3.46\pic18-lt\cxx-framework\src\traditional\proc\p18f4550.asm
                   SSPBUF   0x000fc9       data     extern E:\c18v3.46\pic18-lt\cxx-framework\src\traditional\proc\p18f4550.asm
                  SSPCON1   0x000fc6       data     extern E:\c18v3.46\pic18-lt\cxx-framework\src\traditional\proc\p18f4550.asm
              SSPCON1bits   0x000fc6       data     extern E:\c18v3.46\pic18-lt\cxx-framework\src\traditional\proc\p18f4550.asm
                  SSPCON2   0x000fc5       data     extern E:\c18v3.46\pic18-lt\cxx-framework\src\traditional\proc\p18f4550.asm
              SSPCON2bits   0x000fc5       data     extern E:\c18v3.46\pic18-lt\cxx-framework\src\traditional\proc\p18f4550.asm
                  SSPSTAT   0x000fc7       data     extern E:\c18v3.46\pic18-lt\cxx-framework\src\traditional\proc\p18f4550.asm
              SSPSTATbits   0x000fc7       data     extern E:\c18v3.46\pic18-lt\cxx-framework\src\traditional\proc\p18f4550.asm
                   STATUS   0x000fd8       data     extern E:\c18v3.46\pic18-lt\cxx-framework\src\traditional\proc\p18f4550.asm
               STATUSbits   0x000fd8       data     extern E:\c18v3.46\pic18-lt\cxx-framework\src\traditional\proc\p18f4550.asm
                   STKPTR   0x000ffc       data     extern E:\c18v3.46\pic18-lt\cxx-framework\src\traditional\proc\p18f4550.asm
               STKPTRbits   0x000ffc       data     extern E:\c18v3.46\pic18-lt\cxx-framework\src\traditional\proc\p18f4550.asm
                 SetupPkt   0x000430       data     extern /Users/Leonardo/Documents/Microntrolador PIC/Slave i2c/exemplo usb_cdc 1/Microchip/USB/usb_device.c
                    T0CON   0x000fd5       data     extern E:\c18v3.46\pic18-lt\cxx-framework\src\traditional\proc\p18f4550.asm
                T0CONbits   0x000fd5       data     extern E:\c18v3.46\pic18-lt\cxx-framework\src\traditional\proc\p18f4550.asm
                    T1CON   0x000fcd       data     extern E:\c18v3.46\pic18-lt\cxx-framework\src\traditional\proc\p18f4550.asm
                T1CONbits   0x000fcd       data     extern E:\c18v3.46\pic18-lt\cxx-framework\src\traditional\proc\p18f4550.asm
                    T2CON   0x000fca       data     extern E:\c18v3.46\pic18-lt\cxx-framework\src\traditional\proc\p18f4550.asm
                T2CONbits   0x000fca       data     extern E:\c18v3.46\pic18-lt\cxx-framework\src\traditional\proc\p18f4550.asm
                    T3CON   0x000fb1       data     extern E:\c18v3.46\pic18-lt\cxx-framework\src\traditional\proc\p18f4550.asm
                T3CONbits   0x000fb1       data     extern E:\c18v3.46\pic18-lt\cxx-framework\src\traditional\proc\p18f4550.asm
[...]
                     DDRD   0x000f95       data     extern E:\c18v3.46\pic18-lt\cxx-framework\src\traditional\proc\p18f4550.asm
                 DDRDbits   0x000f95       data     extern E:\c18v3.46\pic18-lt\cxx-framework\src\traditional\proc\p18f4550.asm
                 DDREbits   0x000f96       data     extern E:\c18v3.46\pic18-lt\cxx-framework\src\traditional\proc\p18f4550.asm
                TRISEbits   0x000f96       data     extern E:\c18v3.46\pic18-lt\cxx-framework\src\traditional\proc\p18f4550.asm
                    TRISE   0x000f96       data     extern E:\c18v3.46\pic18-lt\cxx-framework\src\traditional\proc\p18f4550.asm
                     DDRE   0x000f96       data     extern E:\c18v3.46\pic18-lt\cxx-framework\src\traditional\proc\p18f4550.asm
                  OSCTUNE   0x000f9b       data     extern E:\c18v3.46\pic18-lt\cxx-framework\src\traditional\proc\p18f4550.asm
              OSCTUNEbits   0x000f9b       data     extern E:\c18v3.46\pic18-lt\cxx-framework\src\traditional\proc\p18f4550.asm
                     PIE1   0x000f9d       data     extern E:\c18v3.46\pic18-lt\cxx-framework\src\traditional\proc\p18f4550.asm
                 PIE1bits   0x000f9d       data     extern E:\c18v3.46\pic18-lt\cxx-framework\src\traditional\proc\p18f4550.asm
                     PIR1   0x000f9e       data     extern E:\c18v3.46\pic18-lt\cxx-framework\src\traditional\proc\p18f4550.asm
                 PIR1bits   0x000f9e       data     extern E:\c18v3.46\pic18-lt\cxx-framework\src\traditional\proc\p18f4550.asm
                 IPR1bits   0x000f9f       data     extern E:\c18v3.46\pic18-lt\cxx-framework\src\traditional\proc\p18f4550.asm
                     IPR1   0x000f9f       data     extern E:\c18v3.46\pic18-lt\cxx-framework\src\traditional\proc\p18f4550.asm
                     PIE2   0x000fa0       data     extern E:\c18v3.46\pic18-lt\cxx-framework\src\traditional\proc\p18f4550.asm
                 PIE2bits   0x000fa0       data     extern E:\c18v3.46\pic18-lt\cxx-framework\src\traditional\proc\p18f4550.asm
                 PIR2bits   0x000fa1       data     extern E:\c18v3.46\pic18-lt\cxx-framework\src\traditional\proc\p18f4550.asm
                     PIR2   0x000fa1       data     extern E:\c18v3.46\pic18-lt\cxx-framework\src\traditional\proc\p18f4550.asm
                     IPR2   0x000fa2       data     extern E:\c18v3.46\pic18-lt\cxx-framework\src\traditional\proc\p18f4550.asm
                 IPR2bits   0x000fa2       data     extern E:\c18v3.46\pic18-lt\cxx-framework\src\traditional\proc\p18f4550.asm
               EECON1bits   0x000fa6       data     extern E:\c18v3.46\pic18-lt\cxx-framework\src\traditional\proc\p18f4550.asm
                   EECON1   0x000fa6       data     extern E:\c18v3.46\pic18-lt\cxx-framework\src\traditional\proc\p18f4550.asm
                   EECON2   0x000fa7       data     extern E:\c18v3.46\pic18-lt\cxx-framework\src\traditional\proc\p18f4550.asm
                   EEDATA   0x000fa8       data     extern E:\c18v3.46\pic18-lt\cxx-framework\src\traditional\proc\p18f4550.asm
                    EEADR   0x000fa9       data     extern E:\c18v3.46\pic18-lt\cxx-framework\src\traditional\proc\p18f4550.asm
                    RCSTA   0x000fab       data     extern E:\c18v3.46\pic18-lt\cxx-framework\src\traditional\proc\p18f4550.asm
                RCSTAbits   0x000fab       data     extern E:\c18v3.46\pic18-lt\cxx-framework\src\traditional\proc\p18f4550.asm
                TXSTAbits   0x000fac       data     extern E:\c18v3.46\pic18-lt\cxx-framework\src\traditional\proc\p18f4550.asm
                    TXSTA   0x000fac       data     extern E:\c18v3.46\pic18-lt\cxx-framework\src\traditional\proc\p18f4550.asm
                    TXREG   0x000fad       data     extern E:\c18v3.46\pic18-lt\cxx-framework\src\traditional\proc\p18f4550.asm
                    RCREG   0x000fae       data     extern E:\c18v3.46\pic18-lt\cxx-framework\src\traditional\proc\p18f4550.asm
                    SPBRG   0x000faf       data     extern E:\c18v3.46\pic18-lt\cxx-framework\src\traditional\proc\p18f4550.asm
                   SPBRGH   0x000fb0       data     extern E:\c18v3.46\pic18-lt\cxx-framework\src\traditional\proc\p18f4550.asm
                T3CONbits   0x000fb1       data     extern E:\c18v3.46\pic18-lt\cxx-framework\src\traditional\proc\p18f4550.asm
                    T3CON   0x000fb1       data     extern E:\c18v3.46\pic18-lt\cxx-framework\src\traditional\proc\p18f4550.asm
                    TMR3L   0x000fb2       data     extern E:\c18v3.46\pic18-lt\cxx-framework\src\traditional\proc\p18f4550.asm
                    TMR3H   0x000fb3       data     extern E:\c18v3.46\pic18-lt\cxx-framework\src\traditional\proc\p18f4550.asm
                CMCONbits   0x000fb4       data     extern E:\c18v3.46\pic18-lt\cxx-framework\src\traditional\proc\p18f4550.asm
                    CMCON   0x000fb4       data     extern E:\c18v3.46\pic18-lt\cxx-framework\src\traditional\proc\p18f4550.asm
               CVRCONbits   0x000fb5       data     extern E:\c18v3.46\pic18-lt\cxx-framework\src\traditional\proc\p18f4550.asm
                   CVRCON   0x000fb5       data     extern E:\c18v3.46\pic18-lt\cxx-framework\src\traditional\proc\p18f4550.asm
                   CCP1AS   0x000fb6       data     extern E:\c18v3.46\pic18-lt\cxx-framework\src\traditional\proc\p18f4550.asm
               CCP1ASbits   0x000fb6       data     extern E:\c18v3.46\pic18-lt\cxx-framework\src\traditional\proc\p18f4550.asm
              ECCP1ASbits   0x000fb6       data     extern E:\c18v3.46\pic18-lt\cxx-framework\src\traditional\proc\p18f4550.asm
                  ECCP1AS   0x000fb6       data     extern E:\c18v3.46\pic18-lt\cxx-framework\src\traditional\proc\p18f4550.asm
             ECCP1DELbits   0x000fb7       data     extern E:\c18v3.46\pic18-lt\cxx-framework\src\traditional\proc\p18f4550.asm
                 ECCP1DEL   0x000fb7       data     extern E:\c18v3.46\pic18-lt\cxx-framework\src\traditional\proc\p18f4550.asm
                  CCP1DEL   0x000fb7       data     extern E:\c18v3.46\pic18-lt\cxx-framework\src\traditional\proc\p18f4550.asm
              CCP1DELbits   0x000fb7       data     extern E:\c18v3.46\pic18-lt\cxx-framework\src\traditional\proc\p18f4550.asm
                  BAUDCTL   0x000fb8       data     extern E:\c18v3.46\pic18-lt\cxx-framework\src\traditional\proc\p18f4550.asm
              BAUDCTLbits   0x000fb8       data     extern E:\c18v3.46\pic18-lt\cxx-framework\src\traditional\proc\p18f4550.asm
              BAUDCONbits   0x000fb8       data     extern E:\c18v3.46\pic18-lt\cxx-framework\src\traditional\proc\p18f4550.asm
                  BAUDCON   0x000fb8       data     extern E:\c18v3.46\pic18-lt\cxx-framework\src\traditional\proc\p18f4550.asm
              CCP2CONbits   0x000fba       data     extern E:\c18v3.46\pic18-lt\cxx-framework\src\traditional\proc\p18f4550.asm
                  CCP2CON   0x000fba       data     extern E:\c18v3.46\pic18-lt\cxx-framework\src\traditional\proc\p18f4550.asm
                    CCPR2   0x000fbb       data     extern E:\c18v3.46\pic18-lt\cxx-framework\src\traditional\proc\p18f4550.asm
                   CCPR2L   0x000fbb       data     extern E:\c18v3.46\pic18-lt\cxx-framework\src\traditional\proc\p18f4550.asm
                   CCPR2H   0x000fbc       data     extern E:\c18v3.46\pic18-lt\cxx-framework\src\traditional\proc\p18f4550.asm
              CCP1CONbits   0x000fbd       data     extern E:\c18v3.46\pic18-lt\cxx-framework\src\traditional\proc\p18f4550.asm
                 ECCP1CON   0x000fbd       data     extern E:\c18v3.46\pic18-lt\cxx-framework\src\traditional\proc\p18f4550.asm
             ECCP1CONbits   0x000fbd       data     extern E:\c18v3.46\pic18-lt\cxx-framework\src\traditional\proc\p18f4550.asm
                  CCP1CON   0x000fbd       data     extern E:\c18v3.46\pic18-lt\cxx-framework\src\traditional\proc\p18f4550.asm
                    CCPR1   0x000fbe       data     extern E:\c18v3.46\pic18-lt\cxx-framework\src\traditional\proc\p18f4550.asm
                   CCPR1L   0x000fbe       data     extern E:\c18v3.46\pic18-lt\cxx-framework\src\traditional\proc\p18f4550.asm
                   CCPR1H   0x000fbf       data     extern E:\c18v3.46\pic18-lt\cxx-framework\src\traditional\proc\p18f4550.asm
                   ADCON2   0x000fc0       data     extern E:\c18v3.46\pic18-lt\cxx-framework\src\traditional\proc\p18f4550.asm
               ADCON2bits   0x000fc0       data     extern E:\c18v3.46\pic18-lt\cxx-framework\src\traditional\proc\p18f4550.asm
               ADCON1bits   0x000fc1       data     extern E:\c18v3.46\pic18-lt\cxx-framework\src\traditional\proc\p18f4550.asm
                   ADCON1   0x000fc1       data     extern E:\c18v3.46\pic18-lt\cxx-framework\src\traditional\proc\p18f4550.asm
                   ADCON0   0x000fc2       data     extern E:\c18v3.46\pic18-lt\cxx-framework\src\traditional\proc\p18f4550.asm
               ADCON0bits   0x000fc2       data     extern E:\c18v3.46\pic18-lt\cxx-framework\src\traditional\proc\p18f4550.asm
                    ADRES   0x000fc3       data     extern E:\c18v3.46\pic18-lt\cxx-framework\src\traditional\proc\p18f4550.asm
                   ADRESL   0x000fc3       data     extern E:\c18v3.46\pic18-lt\cxx-framework\src\traditional\proc\p18f4550.asm
                   ADRESH   0x000fc4       data     extern E:\c18v3.46\pic18-lt\cxx-framework\src\traditional\proc\p18f4550.asm
                  SSPCON2   0x000fc5       data     extern E:\c18v3.46\pic18-lt\cxx-framework\src\traditional\proc\p18f4550.asm
              SSPCON2bits   0x000fc5       data     extern E:\c18v3.46\pic18-lt\cxx-framework\src\traditional\proc\p18f4550.asm
                  SSPCON1   0x000fc6       data     extern E:\c18v3.46\pic18-lt\cxx-framework\src\traditional\proc\p18f4550.asm
              SSPCON1bits   0x000fc6       data     extern E:\c18v3.46\pic18-lt\cxx-framework\src\traditional\proc\p18f4550.asm
                  SSPSTAT   0x000fc7       data     extern E:\c18v3.46\pic18-lt\cxx-framework\src\traditional\proc\p18f4550.asm
              SSPSTATbits   0x000fc7       data     extern E:\c18v3.46\pic18-lt\cxx-framework\src\traditional\proc\p18f4550.asm
                   SSPADD   0x000fc8       data     extern E:\c18v3.46\pic18-lt\cxx-framework\src\traditional\proc\p18f4550.asm
                   SSPBUF   0x000fc9       data     extern E:\c18v3.46\pic18-lt\cxx-framework\src\traditional\proc\p18f4550.asm
                    T2CON   0x000fca       data     extern E:\c18v3.46\pic18-lt\cxx-framework\src\traditional\proc\p18f4550.asm
                T2CONbits   0x000fca       data     extern E:\c18v3.46\pic18-lt\cxx-framework\src\traditional\proc\p18f4550.asm
                      PR2   0x000fcb       data     extern E:\c18v3.46\pic18-lt\cxx-framework\src\traditional\proc\p18f4550.asm
                     TMR2   0x000fcc       data     extern E:\c18v3.46\pic18-lt\cxx-framework\src\traditional\proc\p18f4550.asm
                T1CONbits   0x000fcd       data     extern E:\c18v3.46\pic18-lt\cxx-framework\src\traditional\proc\p18f4550.asm
                    T1CON   0x000fcd       data     extern E:\c18v3.46\pic18-lt\cxx-framework\src\traditional\proc\p18f4550.asm
                    TMR1L   0x000fce       data     extern E:\c18v3.46\pic18-lt\cxx-framework\src\traditional\proc\p18f4550.asm
                    TMR1H   0x000fcf       data     extern E:\c18v3.46\pic18-lt\cxx-framework\src\traditional\proc\p18f4550.asm
                     RCON   0x000fd0       data     extern E:\c18v3.46\pic18-lt\cxx-framework\src\traditional\proc\p18f4550.asm
                 RCONbits   0x000fd0       data     extern E:\c18v3.46\pic18-lt\cxx-framework\src\traditional\proc\p18f4550.asm
               WDTCONbits   0x000fd1       data     extern E:\c18v3.46\pic18-lt\cxx-framework\src\traditional\proc\p18f4550.asm
                   WDTCON   0x000fd1       data     extern E:\c18v3.46\pic18-lt\cxx-framework\src\traditional\proc\p18f4550.asm
                  HLVDCON   0x000fd2       data     extern E:\c18v3.46\pic18-lt\cxx-framework\src\traditional\proc\p18f4550.asm
              HLVDCONbits   0x000fd2       data     extern E:\c18v3.46\pic18-lt\cxx-framework\src\traditional\proc\p18f4550.asm
                   LVDCON   0x000fd2       data     extern E:\c18v3.46\pic18-lt\cxx-framework\src\traditional\proc\p18f4550.asm
               LVDCONbits   0x000fd2       data     extern E:\c18v3.46\pic18-lt\cxx-framework\src\traditional\proc\p18f4550.asm
                   OSCCON   0x000fd3       data     extern E:\c18v3.46\pic18-lt\cxx-framework\src\traditional\proc\p18f4550.asm
               OSCCONbits   0x000fd3       data     extern E:\c18v3.46\pic18-lt\cxx-framework\src\traditional\proc\p18f4550.asm
                T0CONbits   0x000fd5       data     extern E:\c18v3.46\pic18-lt\cxx-framework\src\traditional\proc\p18f4550.asm
                    T0CON   0x000fd5       data     extern E:\c18v3.46\pic18-lt\cxx-framework\src\traditional\proc\p18f4550.asm
                    TMR0L   0x000fd6       data     extern E:\c18v3.46\pic18-lt\cxx-framework\src\traditional\proc\p18f4550.asm
                    TMR0H   0x000fd7       data     extern E:\c18v3.46\pic18-lt\cxx-framework\src\traditional\proc\p18f4550.asm
                   STATUS   0x000fd8       data     extern E:\c18v3.46\pic18-lt\cxx-framework\src\traditional\proc\p18f4550.asm
               STATUSbits   0x000fd8       data     extern E:\c18v3.46\pic18-lt\cxx-framework\src\traditional\proc\p18f4550.asm
                    FSR2L   0x000fd9       data     extern E:\c18v3.46\pic18-lt\cxx-framework\src\traditional\proc\p18f4550.asm
                     FSR2   0x000fd9       data     extern E:\c18v3.46\pic18-lt\cxx-framework\src\traditional\proc\p18f4550.asm
                    FSR2H   0x000fda       data     extern E:\c18v3.46\pic18-lt\cxx-framework\src\traditional\proc\p18f4550.asm
                   PLUSW2   0x000fdb       data     extern E:\c18v3.46\pic18-lt\cxx-framework\src\traditional\proc\p18f4550.asm
                  PREINC2   0x000fdc       data     extern E:\c18v3.46\pic18-lt\cxx-framework\src\traditional\proc\p18f4550.asm
                 POSTDEC2   0x000fdd       data     extern E:\c18v3.46\pic18-lt\cxx-framework\src\traditional\proc\p18f4550.asm
                 POSTINC2   0x000fde       data     extern E:\c18v3.46\pic18-lt\cxx-framework\src\traditional\proc\p18f4550.asm
                    INDF2   0x000fdf       data     extern E:\c18v3.46\pic18-lt\cxx-framework\src\traditional\proc\p18f4550.asm
                      BSR   0x000fe0       data     extern E:\c18v3.46\pic18-lt\cxx-framework\src\traditional\proc\p18f4550.asm
                    FSR1L   0x000fe1       data     extern E:\c18v3.46\pic18-lt\cxx-framework\src\traditional\proc\p18f4550.asm
                     FSR1   0x000fe1       data     extern E:\c18v3.46\pic18-lt\cxx-framework\src\traditional\proc\p18f4550.asm
                    FSR1H   0x000fe2       data     extern E:\c18v3.46\pic18-lt\cxx-framework\src\traditional\proc\p18f4550.asm
                   PLUSW1   0x000fe3       data     extern E:\c18v3.46\pic18-lt\cxx-framework\src\traditional\proc\p18f4550.asm
                  PREINC1   0x000fe4       data     extern E:\c18v3.46\pic18-lt\cxx-framework\src\traditional\proc\p18f4550.asm
                 POSTDEC1   0x000fe5       data     extern E:\c18v3.46\pic18-lt\cxx-framework\src\traditional\proc\p18f4550.asm
                 POSTINC1   0x000fe6       data     extern E:\c18v3.46\pic18-lt\cxx-framework\src\traditional\proc\p18f4550.asm
                    INDF1   0x000fe7       data     extern E:\c18v3.46\pic18-lt\cxx-framework\src\traditional\proc\p18f4550.asm
                     WREG   0x000fe8       data     extern E:\c18v3.46\pic18-lt\cxx-framework\src\traditional\proc\p18f4550.asm
                    FSR0L   0x000fe9       data     extern E:\c18v3.46\pic18-lt\cxx-framework\src\traditional\proc\p18f4550.asm
                     FSR0   0x000fe9       data     extern E:\c18v3.46\pic18-lt\cxx-framework\src\traditional\proc\p18f4550.asm
                    FSR0H   0x000fea       data     extern E:\c18v3.46\pic18-lt\cxx-framework\src\traditional\proc\p18f4550.asm
                   PLUSW0   0x000feb       data     extern E:\c18v3.46\pic18-lt\cxx-framework\src\traditional\proc\p18f4550.asm
                  PREINC0   0x000fec       data     extern E:\c18v3.46\pic18-lt\cxx-framework\src\traditional\proc\p18f4550.asm
                 POSTDEC0   0x000fed       data     extern E:\c18v3.46\pic18-lt\cxx-framework\src\traditional\proc\p18f4550.asm
                 POSTINC0   0x000fee       data     extern E:\c18v3.46\pic18-lt\cxx-framework\src\traditional\proc\p18f4550.asm
                    INDF0   0x000fef       data     extern E:\c18v3.46\pic18-lt\cxx-framework\src\traditional\proc\p18f4550.asm
              INTCON3bits   0x000ff0       data     extern E:\c18v3.46\pic18-lt\cxx-framework\src\traditional\proc\p18f4550.asm
                  INTCON3   0x000ff0       data     extern E:\c18v3.46\pic18-lt\cxx-framework\src\traditional\proc\p18f4550.asm
              INTCON2bits   0x000ff1       data     extern E:\c18v3.46\pic18-lt\cxx-framework\src\traditional\proc\p18f4550.asm
                  INTCON2   0x000ff1       data     extern E:\c18v3.46\pic18-lt\cxx-framework\src\traditional\proc\p18f4550.asm
               INTCONbits   0x000ff2       data     extern E:\c18v3.46\pic18-lt\cxx-framework\src\traditional\proc\p18f4550.asm
                   INTCON   0x000ff2       data     extern E:\c18v3.46\pic18-lt\cxx-framework\src\traditional\proc\p18f4550.asm
                    PRODL   0x000ff3       data     extern E:\c18v3.46\pic18-lt\cxx-framework\src\traditional\proc\p18f4550.asm
                     PROD   0x000ff3       data     extern E:\c18v3.46\pic18-lt\cxx-framework\src\traditional\proc\p18f4550.asm
                    PRODH   0x000ff4       data     extern E:\c18v3.46\pic18-lt\cxx-framework\src\traditional\proc\p18f4550.asm
                   TABLAT   0x000ff5       data     extern E:\c18v3.46\pic18-lt\cxx-framework\src\traditional\proc\p18f4550.asm
                  TBLPTRL   0x000ff6       data     extern E:\c18v3.46\pic18-lt\cxx-framework\src\traditional\proc\p18f4550.asm
                   TBLPTR   0x000ff6       data     extern E:\c18v3.46\pic18-lt\cxx-framework\src\traditional\proc\p18f4550.asm
                  TBLPTRH   0x000ff7       data     extern E:\c18v3.46\pic18-lt\cxx-framework\src\traditional\proc\p18f4550.asm
                  TBLPTRU   0x000ff8       data     extern E:\c18v3.46\pic18-lt\cxx-framework\src\traditional\proc\p18f4550.asm
                       PC   0x000ff9       data     extern E:\c18v3.46\pic18-lt\cxx-framework\src\traditional\proc\p18f4550.asm
                      PCL   0x000ff9       data     extern E:\c18v3.46\pic18-lt\cxx-framework\src\traditional\proc\p18f4550.asm
                   PCLATH   0x000ffa       data     extern E:\c18v3.46\pic18-lt\cxx-framework\src\traditional\proc\p18f4550.asm
                   PCLATU   0x000ffb       data     extern E:\c18v3.46\pic18-lt\cxx-framework\src\traditional\proc\p18f4550.asm
                   STKPTR   0x000ffc       data     extern E:\c18v3.46\pic18-lt\cxx-framework\src\traditional\proc\p18f4550.asm
               STKPTRbits   0x000ffc       data     extern E:\c18v3.46\pic18-lt\cxx-framework\src\traditional\proc\p18f4550.asm
                      TOS   0x000ffd       data     extern E:\c18v3.46\pic18-lt\cxx-framework\src\traditional\proc\p18f4550.asm
                     TOSL   0x000ffd       data     extern E:\c18v3.46\pic18-lt\cxx-framework\src\traditional\proc\p18f4550.asm
                     TOSH   0x000ffe       data     extern E:\c18v3.46\pic18-lt\cxx-framework\src\traditional\proc\p18f4550.asm
                     TOSU   0x000fff       data     extern E:\c18v3.46\pic18-lt\cxx-framework\src\traditional\proc\p18f4550.asm


